Component: ARM Compiler 5.06 update 6 (build 750) Tool: armlink [4d35ed]

==============================================================================

Section Cross References

    startup_stm32f103xe.o(RESET) refers to startup_stm32f103xe.o(STACK) for __initial_sp
    startup_stm32f103xe.o(RESET) refers to startup_stm32f103xe.o(.text) for Reset_Handler
    startup_stm32f103xe.o(RESET) refers to stm32f1xx_it.o(i.NMI_Handler) for NMI_Handler
    startup_stm32f103xe.o(RESET) refers to stm32f1xx_it.o(i.HardFault_Handler) for HardFault_Handler
    startup_stm32f103xe.o(RESET) refers to stm32f1xx_it.o(i.MemManage_Handler) for MemManage_Handler
    startup_stm32f103xe.o(RESET) refers to stm32f1xx_it.o(i.BusFault_Handler) for BusFault_Handler
    startup_stm32f103xe.o(RESET) refers to stm32f1xx_it.o(i.UsageFault_Handler) for UsageFault_Handler
    startup_stm32f103xe.o(RESET) refers to stm32f1xx_it.o(i.SVC_Handler) for SVC_Handler
    startup_stm32f103xe.o(RESET) refers to stm32f1xx_it.o(i.DebugMon_Handler) for DebugMon_Handler
    startup_stm32f103xe.o(RESET) refers to stm32f1xx_it.o(i.PendSV_Handler) for PendSV_Handler
    startup_stm32f103xe.o(RESET) refers to stm32f1xx_it.o(i.SysTick_Handler) for SysTick_Handler
    startup_stm32f103xe.o(RESET) refers to stm32f1xx_it.o(i.EXTI2_IRQHandler) for EXTI2_IRQHandler
    startup_stm32f103xe.o(RESET) refers to stm32f1xx_it.o(i.EXTI3_IRQHandler) for EXTI3_IRQHandler
    startup_stm32f103xe.o(RESET) refers to stm32f1xx_it.o(i.EXTI4_IRQHandler) for EXTI4_IRQHandler
    startup_stm32f103xe.o(RESET) refers to stm32f1xx_it.o(i.USART3_IRQHandler) for USART3_IRQHandler
    startup_stm32f103xe.o(.text) refers to system_stm32f1xx.o(i.SystemInit) for SystemInit
    startup_stm32f103xe.o(.text) refers to entry.o(.ARM.Collect$$$$00000000) for __main
    main.o(i.HAL_GPIO_EXTI_Callback) refers to main.o(i.KEY2_Pressed) for KEY2_Pressed
    main.o(i.HAL_UART_RxCpltCallback) refers to stm32f1xx_hal_uart.o(i.HAL_UART_Receive_IT) for HAL_UART_Receive_IT
    main.o(i.HAL_UART_RxCpltCallback) refers to esp8266.o(.data) for esp8266_cnt
    main.o(i.HAL_UART_RxCpltCallback) refers to esp8266.o(.bss) for esp8266_buf
    main.o(i.HAL_UART_RxCpltCallback) refers to usart.o(.bss) for huart3
    main.o(i.KEY2_Pressed) refers to stm32f1xx_hal_gpio.o(i.HAL_GPIO_WritePin) for HAL_GPIO_WritePin
    main.o(i.SystemClock_Config) refers to memseta.o(.text) for __aeabi_memclr4
    main.o(i.SystemClock_Config) refers to stm32f1xx_hal_rcc.o(i.HAL_RCC_OscConfig) for HAL_RCC_OscConfig
    main.o(i.SystemClock_Config) refers to stm32f1xx_hal_rcc.o(i.HAL_RCC_ClockConfig) for HAL_RCC_ClockConfig
    main.o(i.main) refers to stm32f1xx_hal.o(i.HAL_Init) for HAL_Init
    main.o(i.main) refers to main.o(i.SystemClock_Config) for SystemClock_Config
    main.o(i.main) refers to gpio.o(i.MX_GPIO_Init) for MX_GPIO_Init
    main.o(i.main) refers to usart.o(i.MX_USART1_UART_Init) for MX_USART1_UART_Init
    main.o(i.main) refers to tim.o(i.MX_TIM1_Init) for MX_TIM1_Init
    main.o(i.main) refers to usart.o(i.MX_USART3_UART_Init) for MX_USART3_UART_Init
    main.o(i.main) refers to tim.o(i.TIM1_Delay_Init) for TIM1_Delay_Init
    main.o(i.main) refers to stm32f1xx_hal_uart.o(i.HAL_UART_Receive_IT) for HAL_UART_Receive_IT
    main.o(i.main) refers to dht11.o(i.dht11_init) for dht11_init
    main.o(i.main) refers to esp8266.o(i.ESP8266_Init) for ESP8266_Init
    main.o(i.main) refers to stm32f1xx_hal.o(i.HAL_Delay) for HAL_Delay
    main.o(i.main) refers to onenet.o(i.OneNet_DevLink) for OneNet_DevLink
    main.o(i.main) refers to dht11.o(i.dht11_read_data) for dht11_read_data
    main.o(i.main) refers to printf8.o(i.__0printf$8) for __2printf
    main.o(i.main) refers to onenet.o(i.OneNet_SendData) for OneNet_SendData
    main.o(i.main) refers to esp8266.o(i.ESP8266_Clear) for ESP8266_Clear
    main.o(i.main) refers to esp8266.o(i.ESP8266_GetIPD) for ESP8266_GetIPD
    main.o(i.main) refers to onenet.o(i.OneNet_RevPro) for OneNet_RevPro
    main.o(i.main) refers to esp8266.o(.bss) for esp8266_buf
    main.o(i.main) refers to usart.o(.bss) for huart3
    main.o(i.main) refers to dht11.o(.data) for humidity
    main.o(i.main) refers to dht11.o(.data) for temperature
    gpio.o(i.MX_GPIO_Init) refers to stm32f1xx_hal_gpio.o(i.HAL_GPIO_WritePin) for HAL_GPIO_WritePin
    gpio.o(i.MX_GPIO_Init) refers to stm32f1xx_hal_gpio.o(i.HAL_GPIO_Init) for HAL_GPIO_Init
    gpio.o(i.MX_GPIO_Init) refers to stm32f1xx_hal_cortex.o(i.HAL_NVIC_SetPriority) for HAL_NVIC_SetPriority
    gpio.o(i.MX_GPIO_Init) refers to stm32f1xx_hal_cortex.o(i.HAL_NVIC_EnableIRQ) for HAL_NVIC_EnableIRQ
    tim.o(i.MX_TIM1_Init) refers to stm32f1xx_hal_tim.o(i.HAL_TIM_Base_Init) for HAL_TIM_Base_Init
    tim.o(i.MX_TIM1_Init) refers to main.o(i.Error_Handler) for Error_Handler
    tim.o(i.MX_TIM1_Init) refers to stm32f1xx_hal_tim.o(i.HAL_TIM_ConfigClockSource) for HAL_TIM_ConfigClockSource
[...]
    Removing stm32f1xx_hal_dma.o(.rev16_text), (4 bytes).
    Removing stm32f1xx_hal_dma.o(.revsh_text), (4 bytes).
    Removing stm32f1xx_hal_dma.o(.rrx_text), (6 bytes).
    Removing stm32f1xx_hal_dma.o(i.DMA_SetConfig), (42 bytes).
    Removing stm32f1xx_hal_dma.o(i.HAL_DMA_DeInit), (128 bytes).
    Removing stm32f1xx_hal_dma.o(i.HAL_DMA_GetError), (4 bytes).
    Removing stm32f1xx_hal_dma.o(i.HAL_DMA_GetState), (6 bytes).
    Removing stm32f1xx_hal_dma.o(i.HAL_DMA_IRQHandler), (584 bytes).
    Removing stm32f1xx_hal_dma.o(i.HAL_DMA_Init), (124 bytes).
    Removing stm32f1xx_hal_dma.o(i.HAL_DMA_PollForTransfer), (988 bytes).
    Removing stm32f1xx_hal_dma.o(i.HAL_DMA_RegisterCallback), (74 bytes).
    Removing stm32f1xx_hal_dma.o(i.HAL_DMA_Start), (80 bytes).
    Removing stm32f1xx_hal_dma.o(i.HAL_DMA_Start_IT), (112 bytes).
    Removing stm32f1xx_hal_dma.o(i.HAL_DMA_UnRegisterCallback), (82 bytes).
    Removing stm32f1xx_hal_cortex.o(.rev16_text), (4 bytes).
    Removing stm32f1xx_hal_cortex.o(.revsh_text), (4 bytes).
    Removing stm32f1xx_hal_cortex.o(.rrx_text), (6 bytes).
    Removing stm32f1xx_hal_cortex.o(i.HAL_NVIC_ClearPendingIRQ), (26 bytes).
    Removing stm32f1xx_hal_cortex.o(i.HAL_NVIC_DisableIRQ), (34 bytes).
    Removing stm32f1xx_hal_cortex.o(i.HAL_NVIC_GetActive), (36 bytes).
    Removing stm32f1xx_hal_cortex.o(i.HAL_NVIC_GetPendingIRQ), (36 bytes).
    Removing stm32f1xx_hal_cortex.o(i.HAL_NVIC_GetPriority), (82 bytes).
    Removing stm32f1xx_hal_cortex.o(i.HAL_NVIC_GetPriorityGrouping), (16 bytes).
    Removing stm32f1xx_hal_cortex.o(i.HAL_NVIC_SetPendingIRQ), (26 bytes).
    Removing stm32f1xx_hal_cortex.o(i.HAL_NVIC_SystemReset), (36 bytes).
    Removing stm32f1xx_hal_cortex.o(i.HAL_SYSTICK_CLKSourceConfig), (24 bytes).
    Removing stm32f1xx_hal_cortex.o(i.HAL_SYSTICK_Callback), (2 bytes).
    Removing stm32f1xx_hal_cortex.o(i.HAL_SYSTICK_IRQHandler), (8 bytes).
    Removing stm32f1xx_hal_pwr.o(.rev16_text), (4 bytes).
    Removing stm32f1xx_hal_pwr.o(.revsh_text), (4 bytes).
    Removing stm32f1xx_hal_pwr.o(.rrx_text), (6 bytes).
    Removing stm32f1xx_hal_pwr.o(i.HAL_PWR_ConfigPVD), (124 bytes).
    Removing stm32f1xx_hal_pwr.o(i.HAL_PWR_DeInit), (24 bytes).
    Removing stm32f1xx_hal_pwr.o(i.HAL_PWR_DisableBkUpAccess), (12 bytes).
    Removing stm32f1xx_hal_pwr.o(i.HAL_PWR_DisablePVD), (12 bytes).
    Removing stm32f1xx_hal_pwr.o(i.HAL_PWR_DisableSEVOnPend), (16 bytes).
    Removing stm32f1xx_hal_pwr.o(i.HAL_PWR_DisableSleepOnExit), (16 bytes).
    Removing stm32f1xx_hal_pwr.o(i.HAL_PWR_DisableWakeUpPin), (28 bytes).
    Removing stm32f1xx_hal_pwr.o(i.HAL_PWR_EnableBkUpAccess), (12 bytes).
    Removing stm32f1xx_hal_pwr.o(i.HAL_PWR_EnablePVD), (12 bytes).
    Removing stm32f1xx_hal_pwr.o(i.HAL_PWR_EnableSEVOnPend), (16 bytes).
    Removing stm32f1xx_hal_pwr.o(i.HAL_PWR_EnableSleepOnExit), (16 bytes).
    Removing stm32f1xx_hal_pwr.o(i.HAL_PWR_EnableWakeUpPin), (28 bytes).
    Removing stm32f1xx_hal_pwr.o(i.HAL_PWR_EnterSLEEPMode), (32 bytes).
    Removing stm32f1xx_hal_pwr.o(i.HAL_PWR_EnterSTANDBYMode), (32 bytes).
    Removing stm32f1xx_hal_pwr.o(i.HAL_PWR_EnterSTOPMode), (68 bytes).
    Removing stm32f1xx_hal_pwr.o(i.HAL_PWR_PVDCallback), (2 bytes).
    Removing stm32f1xx_hal_pwr.o(i.HAL_PWR_PVD_IRQHandler), (28 bytes).
    Removing stm32f1xx_hal_pwr.o(i.PWR_OverloadWfe), (6 bytes).
    Removing stm32f1xx_hal_flash.o(.rev16_text), (4 bytes).
    Removing stm32f1xx_hal_flash.o(.revsh_text), (4 bytes).
    Removing stm32f1xx_hal_flash.o(.rrx_text), (6 bytes).
    Removing stm32f1xx_hal_flash.o(i.FLASH_Program_HalfWord), (28 bytes).
    Removing stm32f1xx_hal_flash.o(i.FLASH_SetErrorCode), (92 bytes).
    Removing stm32f1xx_hal_flash.o(i.FLASH_WaitForLastOperation), (84 bytes).
    Removing stm32f1xx_hal_flash.o(i.HAL_FLASH_EndOfOperationCallback), (2 bytes).
    Removing stm32f1xx_hal_flash.o(i.HAL_FLASH_GetError), (12 bytes).
    Removing stm32f1xx_hal_flash.o(i.HAL_FLASH_IRQHandler), (264 bytes).
    Removing stm32f1xx_hal_flash.o(i.HAL_FLASH_Lock), (20 bytes).
    Removing stm32f1xx_hal_flash.o(i.HAL_FLASH_OB_Launch), (4 bytes).
    Removing stm32f1xx_hal_flash.o(i.HAL_FLASH_OB_Lock), (20 bytes).
    Removing stm32f1xx_hal_flash.o(i.HAL_FLASH_OB_Unlock), (36 bytes).
    Removing stm32f1xx_hal_flash.o(i.HAL_FLASH_OperationErrorCallback), (2 bytes).
    Removing stm32f1xx_hal_flash.o(i.HAL_FLASH_Program), (128 bytes).
    Removing stm32f1xx_hal_flash.o(i.HAL_FLASH_Program_IT), (80 bytes).
    Removing stm32f1xx_hal_flash.o(i.HAL_FLASH_Unlock), (40 bytes).
    Removing stm32f1xx_hal_flash.o(.bss), (32 bytes).
    Removing stm32f1xx_hal_flash_ex.o(.rev16_text), (4 bytes).
    Removing stm32f1xx_hal_flash_ex.o(.revsh_text), (4 bytes).
    Removing stm32f1xx_hal_flash_ex.o(.rrx_text), (6 bytes).
    Removing stm32f1xx_hal_flash_ex.o(i.FLASH_MassErase), (36 bytes).
    Removing stm32f1xx_hal_flash_ex.o(i.FLASH_OB_DisableWRP), (176 bytes).
    Removing stm32f1xx_hal_flash_ex.o(i.FLASH_OB_EnableWRP), (176 bytes).
    Removing stm32f1xx_hal_flash_ex.o(i.FLASH_OB_GetRDP), (24 bytes).
    Removing stm32f1xx_hal_flash_ex.o(i.FLASH_OB_RDP_LevelConfig), (100 bytes).
    Removing stm32f1xx_hal_flash_ex.o(i.FLASH_PageErase), (36 bytes).
    Removing stm32f1xx_hal_flash_ex.o(i.HAL_FLASHEx_Erase), (168 bytes).
    Removing stm32f1xx_hal_flash_ex.o(i.HAL_FLASHEx_Erase_IT), (72 bytes).
    Removing stm32f1xx_hal_flash_ex.o(i.HAL_FLASHEx_OBErase), (84 bytes).
    Removing stm32f1xx_hal_flash_ex.o(i.HAL_FLASHEx_OBGetConfig), (36 bytes).
    Removing stm32f1xx_hal_flash_ex.o(i.HAL_FLASHEx_OBGetUserData), (32 bytes).
    Removing stm32f1xx_hal_flash_ex.o(i.HAL_FLASHEx_OBProgram), (200 bytes).
    Removing stm32f1xx_hal_exti.o(.rev16_text), (4 bytes).
    Removing stm32f1xx_hal_exti.o(.revsh_text), (4 bytes).
    Removing stm32f1xx_hal_exti.o(.rrx_text), (6 bytes).
    Removing stm32f1xx_hal_exti.o(i.HAL_EXTI_ClearConfigLine), (104 bytes).
    Removing stm32f1xx_hal_exti.o(i.HAL_EXTI_ClearPending), (20 bytes).
    Removing stm32f1xx_hal_exti.o(i.HAL_EXTI_GenerateSWI), (20 bytes).
    Removing stm32f1xx_hal_exti.o(i.HAL_EXTI_GetConfigLine), (140 bytes).
    Removing stm32f1xx_hal_exti.o(i.HAL_EXTI_GetHandle), (12 bytes).
    Removing stm32f1xx_hal_exti.o(i.HAL_EXTI_GetPending), (24 bytes).
    Removing stm32f1xx_hal_exti.o(i.HAL_EXTI_IRQHandler), (36 bytes).
    Removing stm32f1xx_hal_exti.o(i.HAL_EXTI_RegisterCallback), (14 bytes).
    Removing stm32f1xx_hal_exti.o(i.HAL_EXTI_SetConfigLine), (164 bytes).
    Removing stm32f1xx_hal_uart.o(.rev16_text), (4 bytes).
    Removing stm32f1xx_hal_uart.o(.revsh_text), (4 bytes).
    Removing stm32f1xx_hal_uart.o(.rrx_text), (6 bytes).
    Removing stm32f1xx_hal_uart.o(i.HAL_HalfDuplex_EnableReceiver), (50 bytes).
    Removing stm32f1xx_hal_uart.o(i.HAL_HalfDuplex_EnableTransmitter), (50 bytes).
    Removing stm32f1xx_hal_uart.o(i.HAL_HalfDuplex_Init), (110 bytes).
    Removing stm32f1xx_hal_uart.o(i.HAL_LIN_Init), (130 bytes).
    Removing stm32f1xx_hal_uart.o(i.HAL_LIN_SendBreak), (60 bytes).
    Removing stm32f1xx_hal_uart.o(i.HAL_MultiProcessor_EnterMuteMode), (62 bytes).
    Removing stm32f1xx_hal_uart.o(i.HAL_MultiProcessor_ExitMuteMode), (62 bytes).
    Removing stm32f1xx_hal_uart.o(i.HAL_MultiProcessor_Init), (144 bytes).
    Removing stm32f1xx_hal_uart.o(i.HAL_UARTEx_GetRxEventType), (4 bytes).
    Removing stm32f1xx_hal_uart.o(i.HAL_UARTEx_ReceiveToIdle), (240 bytes).
    Removing stm32f1xx_hal_uart.o(i.HAL_UARTEx_ReceiveToIdle_DMA), (74 bytes).
    Removing stm32f1xx_hal_uart.o(i.HAL_UARTEx_ReceiveToIdle_IT), (78 bytes).
    Removing stm32f1xx_hal_uart.o(i.HAL_UART_Abort), (210 bytes).
    Removing stm32f1xx_hal_uart.o(i.HAL_UART_AbortCpltCallback), (2 bytes).
    Removing stm32f1xx_hal_uart.o(i.HAL_UART_AbortReceive), (148 bytes).
    Removing stm32f1xx_hal_uart.o(i.HAL_UART_AbortReceiveCpltCallback), (2 bytes).
    Removing stm32f1xx_hal_uart.o(i.HAL_UART_AbortReceive_IT), (152 bytes).
    Removing stm32f1xx_hal_uart.o(i.HAL_UART_AbortTransmit), (98 bytes).
    Removing stm32f1xx_hal_uart.o(i.HAL_UART_AbortTransmitCpltCallback), (2 bytes).
    Removing stm32f1xx_hal_uart.o(i.HAL_UART_AbortTransmit_IT), (104 bytes).
    Removing stm32f1xx_hal_uart.o(i.HAL_UART_Abort_IT), (244 bytes).
    Removing stm32f1xx_hal_uart.o(i.HAL_UART_DMAPause), (120 bytes).
    Removing stm32f1xx_hal_uart.o(i.HAL_UART_DMAResume), (114 bytes).
    Removing stm32f1xx_hal_uart.o(i.HAL_UART_DMAStop), (112 bytes).
    Removing stm32f1xx_hal_uart.o(i.HAL_UART_DeInit), (54 bytes).
    Removing stm32f1xx_hal_uart.o(i.HAL_UART_GetError), (4 bytes).
    Removing stm32f1xx_hal_uart.o(i.HAL_UART_GetState), (10 bytes).
    Removing stm32f1xx_hal_uart.o(i.HAL_UART_MspDeInit), (2 bytes).
    Removing stm32f1xx_hal_uart.o(i.HAL_UART_MspInit), (2 bytes).
    Removing stm32f1xx_hal_uart.o(i.HAL_UART_Receive), (176 bytes).
    Removing stm32f1xx_hal_uart.o(i.HAL_UART_Receive_DMA), (28 bytes).
    Removing stm32f1xx_hal_uart.o(i.HAL_UART_RxCpltCallback), (2 bytes).
    Removing stm32f1xx_hal_uart.o(i.HAL_UART_RxHalfCpltCallback), (2 bytes).
    Removing stm32f1xx_hal_uart.o(i.HAL_UART_Transmit_DMA), (120 bytes).
    Removing stm32f1xx_hal_uart.o(i.HAL_UART_Transmit_IT), (50 bytes).
    Removing stm32f1xx_hal_uart.o(i.HAL_UART_TxHalfCpltCallback), (2 bytes).
    Removing stm32f1xx_hal_uart.o(i.UART_DMAError), (74 bytes).
    Removing stm32f1xx_hal_uart.o(i.UART_DMAReceiveCplt), (134 bytes).
    Removing stm32f1xx_hal_uart.o(i.UART_DMARxAbortCallback), (44 bytes).
    Removing stm32f1xx_hal_uart.o(i.UART_DMARxHalfCplt), (30 bytes).
    Removing stm32f1xx_hal_uart.o(i.UART_DMARxOnlyAbortCallback), (22 bytes).
    Removing stm32f1xx_hal_uart.o(i.UART_DMATransmitCplt), (66 bytes).
    Removing stm32f1xx_hal_uart.o(i.UART_DMATxAbortCallback), (44 bytes).
    Removing stm32f1xx_hal_uart.o(i.UART_DMATxHalfCplt), (10 bytes).
    Removing stm32f1xx_hal_uart.o(i.UART_DMATxOnlyAbortCallback), (20 bytes).
    Removing stm32f1xx_hal_uart.o(i.UART_EndTxTransfer), (28 bytes).
    Removing stm32f1xx_hal_uart.o(i.UART_Start_Receive_DMA), (144 bytes).
    Removing system_stm32f1xx.o(.rev16_text), (4 bytes).
    Removing system_stm32f1xx.o(.revsh_text), (4 bytes).
    Removing system_stm32f1xx.o(.rrx_text), (6 bytes).
    Removing system_stm32f1xx.o(i.SystemCoreClockUpdate), (104 bytes).
    Removing dht11.o(.rev16_text), (4 bytes).
    Removing dht11.o(.revsh_text), (4 bytes).
    Removing dht11.o(.rrx_text), (6 bytes).
    Removing esp8266.o(.rev16_text), (4 bytes).
    Removing esp8266.o(.revsh_text), (4 bytes).
    Removing esp8266.o(.rrx_text), (6 bytes).
    Removing mqttkit.o(.rev16_text), (4 bytes).
    Removing mqttkit.o(.revsh_text), (4 bytes).
    Removing mqttkit.o(.rrx_text), (6 bytes).
    Removing mqttkit.o(i.MQTT_UnPacketPublish), (336 bytes).
    Removing mqttkit.o(i.MQTT_UnPacketPublishAck), (24 bytes).
    Removing onenet.o(.rev16_text), (4 bytes).
    Removing onenet.o(.revsh_text), (4 bytes).
    Removing onenet.o(.rrx_text), (6 bytes).
    Removing dadd.o(.text), (334 bytes).
    Removing dmul.o(.text), (228 bytes).
    Removing ddiv.o(.text), (222 bytes).
    Removing dfixul.o(.text), (48 bytes).
    Removing cdrcmple.o(.text), (48 bytes).
    Removing depilogue.o(.text), (186 bytes).

400 unused section(s) (total 28190 bytes) removed from the image.

==============================================================================

Image Symbol Table

    Local Symbols

    Symbol Name                              Value     Ov Type        Size  Object(Section)

    ../Core/Src/gpio.c                       0x00000000   Number         0  gpio.o ABSOLUTE
    ../Core/Src/main.c                       0x00000000   Number         0  main.o ABSOLUTE
    ../Core/Src/stm32f1xx_hal_msp.c          0x00000000   Number         0  stm32f1xx_hal_msp.o ABSOLUTE
    ../Core/Src/stm32f1xx_it.c               0x00000000   Number         0  stm32f1xx_it.o ABSOLUTE
    ../Core/Src/system_stm32f1xx.c           0x00000000   Number         0  system_stm32f1xx.o ABSOLUTE
    ../Core/Src/tim.c                        0x00000000   Number         0  tim.o ABSOLUTE
    ../Core/Src/usart.c                      0x00000000   Number         0  usart.o ABSOLUTE
    ../Drivers/STM32F1xx_HAL_Driver/Src/stm32f1xx_hal.c 0x00000000   Number         0  stm32f1xx_hal.o ABSOLUTE
    ../Drivers/STM32F1xx_HAL_Driver/Src/stm32f1xx_hal_cortex.c 0x00000000   Number         0  stm32f1xx_hal_cortex.o ABSOLUTE
    ../Drivers/STM32F1xx_HAL_Driver/Src/stm32f1xx_hal_dma.c 0x00000000   Number         0  stm32f1xx_hal_dma.o ABSOLUTE
    ../Drivers/STM32F1xx_HAL_Driver/Src/stm32f1xx_hal_exti.c 0x00000000   Number         0  stm32f1xx_hal_exti.o ABSOLUTE
    ../Drivers/STM32F1xx_HAL_Driver/Src/stm32f1xx_hal_flash.c 0x00000000   Number         0  stm32f1xx_hal_flash.o ABSOLUTE
    ../Drivers/STM32F1xx_HAL_Driver/Src/stm32f1xx_hal_flash_ex.c 0x00000000   Number         0  stm32f1xx_hal_flash_ex.o ABSOLUTE
    ../Drivers/STM32F1xx_HAL_Driver/Src/stm32f1xx_hal_gpio.c 0x00000000   Number         0  stm32f1xx_hal_gpio.o ABSOLUTE
    ../Drivers/STM32F1xx_HAL_Driver/Src/stm32f1xx_hal_gpio_ex.c 0x00000000   Number         0  stm32f1xx_hal_gpio_ex.o ABSOLUTE
    ../Drivers/STM32F1xx_HAL_Driver/Src/stm32f1xx_hal_pwr.c 0x00000000   Number         0  stm32f1xx_hal_pwr.o ABSOLUTE
    ../Drivers/STM32F1xx_HAL_Driver/Src/stm32f1xx_hal_rcc.c 0x00000000   Number         0  stm32f1xx_hal_rcc.o ABSOLUTE
    ../Drivers/STM32F1xx_HAL_Driver/Src/stm32f1xx_hal_rcc_ex.c 0x00000000   Number         0  stm32f1xx_hal_rcc_ex.o ABSOLUTE
    ../Drivers/STM32F1xx_HAL_Driver/Src/stm32f1xx_hal_tim.c 0x00000000   Number         0  stm32f1xx_hal_tim.o ABSOLUTE
    ../Drivers/STM32F1xx_HAL_Driver/Src/stm32f1xx_hal_tim_ex.c 0x00000000   Number         0  stm32f1xx_hal_tim_ex.o ABSOLUTE
    ../Drivers/STM32F1xx_HAL_Driver/Src/stm32f1xx_hal_uart.c 0x00000000   Number         0  stm32f1xx_hal_uart.o ABSOLUTE
    ../clib/microlib/ctype/ctype.c           0x00000000   Number         0  isalnum_o.o ABSOLUTE
    ../clib/microlib/ctype/ctype.c           0x00000000   Number         0  isspace_o.o ABSOLUTE
    ../clib/microlib/ctype/ctype.c           0x00000000   Number         0  ispunct_o.o ABSOLUTE
    ../clib/microlib/ctype/ctype.c           0x00000000   Number         0  isprint_o.o ABSOLUTE
    ../clib/microlib/ctype/ctype.c           0x00000000   Number         0  islower_o.o ABSOLUTE
    ../clib/microlib/ctype/ctype.c           0x00000000   Number         0  isalpha_o.o ABSOLUTE
    ../clib/microlib/ctype/ctype.c           0x00000000   Number         0  isgraph_o.o ABSOLUTE
    ../clib/microlib/ctype/ctype.c           0x00000000   Number         0  isdigit_o.o ABSOLUTE
    ../clib/microlib/ctype/ctype.c           0x00000000   Number         0  iscntrl_o.o ABSOLUTE
    ../clib/microlib/ctype/ctype.c           0x00000000   Number         0  ctype_o.o ABSOLUTE
    ../clib/microlib/ctype/ctype.c           0x00000000   Number         0  isupper_o.o ABSOLUTE
    ../clib/microlib/ctype/ctype.c           0x00000000   Number         0  isxdigit_o.o ABSOLUTE
    ../clib/microlib/ctype/ctype.c           0x00000000   Number         0  isblank_o.o ABSOLUTE
    ../clib/microlib/division.c              0x00000000   Number         0  uidiv.o ABSOLUTE
    ../clib/microlib/division.c              0x00000000   Number         0  uldiv.o ABSOLUTE
    ../clib/microlib/errno.c                 0x00000000   Number         0  errno.o ABSOLUTE
    ../clib/microlib/init/entry.s            0x00000000   Number         0  entry10b.o ABSOLUTE
    ../clib/microlib/init/entry.s            0x00000000   Number         0  entry9b.o ABSOLUTE
    ../clib/microlib/init/entry.s            0x00000000   Number         0  entry9a.o ABSOLUTE
    ../clib/microlib/init/entry.s            0x00000000   Number         0  entry8b.o ABSOLUTE
    ../clib/microlib/init/entry.s            0x00000000   Number         0  entry8a.o ABSOLUTE
    ../clib/microlib/init/entry.s            0x00000000   Number         0  entry7b.o ABSOLUTE
    ../clib/microlib/init/entry.s            0x00000000   Number         0  entry7a.o ABSOLUTE
    ../clib/microlib/init/entry.s            0x00000000   Number         0  entry5.o ABSOLUTE
    ../clib/microlib/init/entry.s            0x00000000   Number         0  entry2.o ABSOLUTE
    ../clib/microlib/init/entry.s            0x00000000   Number         0  entry.o ABSOLUTE
    ../clib/microlib/init/entry.s            0x00000000   Number         0  entry10a.o ABSOLUTE
    ../clib/microlib/init/entry.s            0x00000000   Number         0  entry11b.o ABSOLUTE
    ../clib/microlib/init/entry.s            0x00000000   Number         0  entry11a.o ABSOLUTE
    ../clib/microlib/longlong.c              0x00000000   Number         0  llsshr.o ABSOLUTE
    ../clib/microlib/longlong.c              0x00000000   Number         0  llshl.o ABSOLUTE
    ../clib/microlib/longlong.c              0x00000000   Number         0  llushr.o ABSOLUTE
    ../clib/microlib/malloc/malloc.c         0x00000000   Number         0  malloc.o ABSOLUTE
    ../clib/microlib/malloc/malloc.c         0x00000000   Number         0  mallocra.o ABSOLUTE
    ../clib/microlib/malloc/malloc.c         0x00000000   Number         0  malloca.o ABSOLUTE
    ../clib/microlib/malloc/malloc.c         0x00000000   Number         0  mallocr.o ABSOLUTE
    ../clib/microlib/malloc/mvars.c          0x00000000   Number         0  mvars.o ABSOLUTE
    ../clib/microlib/printf/printf.c         0x00000000   Number         0  printf1.o ABSOLUTE
    ../clib/microlib/printf/printf.c         0x00000000   Number         0  printf7.o ABSOLUTE
    ../clib/microlib/printf/printf.c         0x00000000   Number         0  printf6.o ABSOLUTE
    ../clib/microlib/printf/printf.c         0x00000000   Number         0  printf5.o ABSOLUTE
    ../clib/microlib/printf/printf.c         0x00000000   Number         0  printf4.o ABSOLUTE
    ../clib/microlib/printf/printf.c         0x00000000   Number         0  printf3.o ABSOLUTE
    ../clib/microlib/printf/printf.c         0x00000000   Number         0  printf2.o ABSOLUTE
    ../clib/microlib/printf/printf.c         0x00000000   Number         0  printfa.o ABSOLUTE
    ../clib/microlib/printf/printf.c         0x00000000   Number         0  printf0.o ABSOLUTE
    ../clib/microlib/printf/printf.c         0x00000000   Number         0  printfb.o ABSOLUTE
    ../clib/microlib/printf/printf.c         0x00000000   Number         0  printf8.o ABSOLUTE
    ../clib/microlib/printf/stubs.s          0x00000000   Number         0  stubs.o ABSOLUTE
    ../clib/microlib/stdio/streams.c         0x00000000   Number         0  stdout.o ABSOLUTE
    ../clib/microlib/string/memcpy.c         0x00000000   Number         0  memcpya.o ABSOLUTE
    ../clib/microlib/string/memcpy.c         0x00000000   Number         0  memcpyb.o ABSOLUTE
    ../clib/microlib/string/memset.c         0x00000000   Number         0  memseta.o ABSOLUTE
    ../clib/microlib/string/strchr.c         0x00000000   Number         0  strchr.o ABSOLUTE
    ../clib/microlib/string/strlen.c         0x00000000   Number         0  strlen.o ABSOLUTE
    ../clib/microlib/string/strncat.c        0x00000000   Number         0  strncat.o ABSOLUTE
    ../clib/microlib/string/strstr.c         0x00000000   Number         0  strstr.o ABSOLUTE
    ../clib/microlib/stubs.s                 0x00000000   Number         0  iusefp.o ABSOLUTE
    ../clib/scanf.c                          0x00000000   Number         0  atoi.o ABSOLUTE
    ../clib/scanf.c                          0x00000000   Number         0  strtol.o ABSOLUTE
    ../clib/scanf.c                          0x00000000   Number         0  _chval.o ABSOLUTE
    ../clib/scanf.c                          0x00000000   Number         0  _strtoul.o ABSOLUTE
    ../fplib/microlib/fpadd.c                0x00000000   Number         0  dadd.o ABSOLUTE
    ../fplib/microlib/fpdiv.c                0x00000000   Number         0  ddiv.o ABSOLUTE
    ../fplib/microlib/fpepilogue.c           0x00000000   Number         0  depilogue.o ABSOLUTE
    ../fplib/microlib/fpfix.c                0x00000000   Number         0  dfixul.o ABSOLUTE
    ../fplib/microlib/fpmul.c                0x00000000   Number         0  dmul.o ABSOLUTE
    ..\BSP\DHT11\dht11.c                     0x00000000   Number         0  dht11.o ABSOLUTE
    ..\BSP\ESP8266\esp8266.c                 0x00000000   Number         0  esp8266.o ABSOLUTE
    ..\BSP\MQTT\MqttKit.c                    0x00000000   Number         0  mqttkit.o ABSOLUTE
    ..\BSP\ONENET\onenet.c                   0x00000000   Number         0  onenet.o ABSOLUTE
    ..\Core\Src\gpio.c                       0x00000000   Number         0  gpio.o ABSOLUTE
    ..\Core\Src\main.c                       0x00000000   Number         0  main.o ABSOLUTE
    ..\Core\Src\stm32f1xx_hal_msp.c          0x00000000   Number         0  stm32f1xx_hal_msp.o ABSOLUTE
    ..\Core\Src\stm32f1xx_it.c               0x00000000   Number         0  stm32f1xx_it.o ABSOLUTE
    ..\Core\Src\system_stm32f1xx.c           0x00000000   Number         0  system_stm32f1xx.o ABSOLUTE
    ..\Core\Src\tim.c                        0x00000000   Number         0  tim.o ABSOLUTE
    ..\Core\Src\usart.c                      0x00000000   Number         0  usart.o ABSOLUTE
    ..\Drivers\STM32F1xx_HAL_Driver\Src\stm32f1xx_hal.c 0x00000000   Number         0  stm32f1xx_hal.o ABSOLUTE
    ..\Drivers\STM32F1xx_HAL_Driver\Src\stm32f1xx_hal_cortex.c 0x00000000   Number         0  stm32f1xx_hal_cortex.o ABSOLUTE
    ..\Drivers\STM32F1xx_HAL_Driver\Src\stm32f1xx_hal_dma.c 0x00000000   Number         0  stm32f1xx_hal_dma.o ABSOLUTE
    ..\Drivers\STM32F1xx_HAL_Driver\Src\stm32f1xx_hal_exti.c 0x00000000   Number         0  stm32f1xx_hal_exti.o ABSOLUTE
    ..\Drivers\STM32F1xx_HAL_Driver\Src\stm32f1xx_hal_flash.c 0x00000000   Number         0  stm32f1xx_hal_flash.o ABSOLUTE
    ..\Drivers\STM32F1xx_HAL_Driver\Src\stm32f1xx_hal_flash_ex.c 0x00000000   Number         0  stm32f1xx_hal_flash_ex.o ABSOLUTE
    ..\Drivers\STM32F1xx_HAL_Driver\Src\stm32f1xx_hal_gpio.c 0x00000000   Number         0  stm32f1xx_hal_gpio.o ABSOLUTE
    ..\Drivers\STM32F1xx_HAL_Driver\Src\stm32f1xx_hal_gpio_ex.c 0x00000000   Number         0  stm32f1xx_hal_gpio_ex.o ABSOLUTE
    ..\Drivers\STM32F1xx_HAL_Driver\Src\stm32f1xx_hal_pwr.c 0x00000000   Number         0  stm32f1xx_hal_pwr.o ABSOLUTE
    ..\Drivers\STM32F1xx_HAL_Driver\Src\stm32f1xx_hal_rcc.c 0x00000000   Number         0  stm32f1xx_hal_rcc.o ABSOLUTE
    ..\Drivers\STM32F1xx_HAL_Driver\Src\stm32f1xx_hal_rcc_ex.c 0x00000000   Number         0  stm32f1xx_hal_rcc_ex.o ABSOLUTE
    ..\Drivers\STM32F1xx_HAL_Driver\Src\stm32f1xx_hal_tim.c 0x00000000   Number         0  stm32f1xx_hal_tim.o ABSOLUTE
    ..\Drivers\STM32F1xx_HAL_Driver\Src\stm32f1xx_hal_tim_ex.c 0x00000000   Number         0  stm32f1xx_hal_tim_ex.o ABSOLUTE
    ..\Drivers\STM32F1xx_HAL_Driver\Src\stm32f1xx_hal_uart.c 0x00000000   Number         0  stm32f1xx_hal_uart.o ABSOLUTE
    ..\\BSP\\DHT11\\dht11.c                  0x00000000   Number         0  dht11.o ABSOLUTE
    ..\\BSP\\ESP8266\\esp8266.c              0x00000000   Number         0  esp8266.o ABSOLUTE
    ..\\BSP\\MQTT\\MqttKit.c                 0x00000000   Number         0  mqttkit.o ABSOLUTE
    ..\\BSP\\ONENET\\onenet.c                0x00000000   Number         0  onenet.o ABSOLUTE
    cdrcmple.s                               0x00000000   Number         0  cdrcmple.o ABSOLUTE
    dc.s                                     0x00000000   Number         0  dc.o ABSOLUTE
    handlers.s                               0x00000000   Number         0  handlers.o ABSOLUTE
    init.s                                   0x00000000   Number         0  init.o ABSOLUTE
    startup_stm32f103xe.s                    0x00000000   Number         0  startup_stm32f103xe.o ABSOLUTE
    RESET                                    0x08000000   Section      304  startup_stm32f103xe.o(RESET)
    .ARM.Collect$$$$00000000                 0x08000130   Section        0  entry.o(.ARM.Collect$$$$00000000)
    .ARM.Collect$$$$00000001                 0x08000130   Section        4  entry2.o(.ARM.Collect$$$$00000001)
    .ARM.Collect$$$$00000004                 0x08000134   Section        4  entry5.o(.ARM.Collect$$$$00000004)
    .ARM.Collect$$$$00000008                 0x08000138   Section        0  entry7b.o(.ARM.Collect$$$$00000008)
    .ARM.Collect$$$$0000000A                 0x08000138   Section        0  entry8b.o(.ARM.Collect$$$$0000000A)
    .ARM.Collect$$$$0000000B                 0x08000138   Section        8  entry9a.o(.ARM.Collect$$$$0000000B)
    .ARM.Collect$$$$0000000D                 0x08000140   Section        0  entry10a.o(.ARM.Collect$$$$0000000D)
    .ARM.Collect$$$$0000000F                 0x08000140   Section        0  entry11a.o(.ARM.Collect$$$$0000000F)
    .ARM.Collect$$$$00002712                 0x08000140   Section        4  entry2.o(.ARM.Collect$$$$00002712)
    __lit__00000000                          0x08000140   Data           4  entry2.o(.ARM.Collect$$$$00002712)
    .text                                    0x08000144   Section       36  startup_stm32f103xe.o(.text)
    .text                                    0x08000168   Section        0  llushr.o(.text)
    .text                                    0x08000188   Section        0  memcpya.o(.text)
    .text                                    0x080001ac   Section        0  memseta.o(.text)
    .text                                    0x080001d0   Section        0  strstr.o(.text)
    .text                                    0x080001f4   Section        0  strchr.o(.text)
    .text                                    0x08000208   Section        0  strlen.o(.text)
    .text                                    0x08000216   Section        0  strncat.o(.text)
    .text                                    0x0800023e   Section        0  atoi.o(.text)
    .text                                    0x08000258   Section        0  uldiv.o(.text)
    .text                                    0x080002ba   Section        0  strtol.o(.text)
    .text                                    0x0800032c   Section       36  init.o(.text)
    .text                                    0x08000350   Section        0  llshl.o(.text)
    .text                                    0x08000370   Section        0  ctype_o.o(.text)
    .text                                    0x08000378   Section        0  _strtoul.o(.text)
    .text                                    0x08000416   Section        0  _chval.o(.text)
    i.BusFault_Handler                       0x08000432   Section        0  stm32f1xx_it.o(i.BusFault_Handler)
    i.DebugMon_Handler                       0x08000434   Section        0  stm32f1xx_it.o(i.DebugMon_Handler)
    i.ESP8266_Clear                          0x08000438   Section        0  esp8266.o(i.ESP8266_Clear)
    i.ESP8266_GetIPD                         0x08000454   Section        0  esp8266.o(i.ESP8266_GetIPD)
    i.ESP8266_Init                           0x08000494   Section        0  esp8266.o(i.ESP8266_Init)
    i.ESP8266_SendCmd                        0x080005c4   Section        0  esp8266.o(i.ESP8266_SendCmd)
    i.ESP8266_SendData                       0x08000610   Section        0  esp8266.o(i.ESP8266_SendData)
    i.ESP8266_WaitRecive                     0x0800065c   Section        0  esp8266.o(i.ESP8266_WaitRecive)
    i.EXTI2_IRQHandler                       0x0800067c   Section        0  stm32f1xx_it.o(i.EXTI2_IRQHandler)
    i.EXTI3_IRQHandler                       0x08000682   Section        0  stm32f1xx_it.o(i.EXTI3_IRQHandler)
    i.EXTI4_IRQHandler                       0x08000688   Section        0  stm32f1xx_it.o(i.EXTI4_IRQHandler)
    i.Error_Handler                          0x0800068e   Section        0  main.o(i.Error_Handler)
    i.HAL_DMA_Abort                          0x08000692   Section        0  stm32f1xx_hal_dma.o(i.HAL_DMA_Abort)
    i.HAL_DMA_Abort_IT                       0x080006d8   Section        0  stm32f1xx_hal_dma.o(i.HAL_DMA_Abort_IT)
    i.HAL_Delay                              0x08000808   Section        0  stm32f1xx_hal.o(i.HAL_Delay)
    i.HAL_GPIO_EXTI_Callback                 0x0800082c   Section        0  main.o(i.HAL_GPIO_EXTI_Callback)
    i.HAL_GPIO_EXTI_IRQHandler               0x0800083c   Section        0  stm32f1xx_hal_gpio.o(i.HAL_GPIO_EXTI_IRQHandler)
    i.HAL_GPIO_Init                          0x08000854   Section        0  stm32f1xx_hal_gpio.o(i.HAL_GPIO_Init)
    i.HAL_GPIO_ReadPin                       0x08000a4c   Section        0  stm32f1xx_hal_gpio.o(i.HAL_GPIO_ReadPin)
    i.HAL_GPIO_WritePin                      0x08000a56   Section        0  stm32f1xx_hal_gpio.o(i.HAL_GPIO_WritePin)
    i.HAL_GetTick                            0x08000a60   Section        0  stm32f1xx_hal.o(i.HAL_GetTick)
    i.HAL_IncTick                            0x08000a6c   Section        0  stm32f1xx_hal.o(i.HAL_IncTick)
    i.HAL_Init                               0x08000a7c   Section        0  stm32f1xx_hal.o(i.HAL_Init)
    i.HAL_InitTick                           0x08000aa0   Section        0  stm32f1xx_hal.o(i.HAL_InitTick)
    i.HAL_MspInit                            0x08000ae0   Section        0  stm32f1xx_hal_msp.o(i.HAL_MspInit)
    i.HAL_NVIC_EnableIRQ                     0x08000b1c   Section        0  stm32f1xx_hal_cortex.o(i.HAL_NVIC_EnableIRQ)
    i.HAL_NVIC_SetPriority                   0x08000b38   Section        0  stm32f1xx_hal_cortex.o(i.HAL_NVIC_SetPriority)
    i.HAL_NVIC_SetPriorityGrouping           0x08000b78   Section        0  stm32f1xx_hal_cortex.o(i.HAL_NVIC_SetPriorityGrouping)
    i.HAL_RCC_ClockConfig                    0x08000b9c   Section        0  stm32f1xx_hal_rcc.o(i.HAL_RCC_ClockConfig)
    i.HAL_RCC_GetPCLK1Freq                   0x08000cc8   Section        0  stm32f1xx_hal_rcc.o(i.HAL_RCC_GetPCLK1Freq)
    i.HAL_RCC_GetPCLK2Freq                   0x08000ce8   Section        0  stm32f1xx_hal_rcc.o(i.HAL_RCC_GetPCLK2Freq)
    i.HAL_RCC_GetSysClockFreq                0x08000d08   Section        0  stm32f1xx_hal_rcc.o(i.HAL_RCC_GetSysClockFreq)
    i.HAL_RCC_OscConfig                      0x08000d54   Section        0  stm32f1xx_hal_rcc.o(i.HAL_RCC_OscConfig)
    i.HAL_SYSTICK_Config                     0x08001074   Section        0  stm32f1xx_hal_cortex.o(i.HAL_SYSTICK_Config)
    i.HAL_TIMEx_MasterConfigSynchronization  0x0800109c   Section        0  stm32f1xx_hal_tim_ex.o(i.HAL_TIMEx_MasterConfigSynchronization)
    i.HAL_TIM_Base_Init                      0x08001118   Section        0  stm32f1xx_hal_tim.o(i.HAL_TIM_Base_Init)
    i.HAL_TIM_Base_MspInit                   0x08001174   Section        0  tim.o(i.HAL_TIM_Base_MspInit)
    i.HAL_TIM_Base_Start                     0x0800119c   Section        0  stm32f1xx_hal_tim.o(i.HAL_TIM_Base_Start)
    i.HAL_TIM_ConfigClockSource              0x08001200   Section        0  stm32f1xx_hal_tim.o(i.HAL_TIM_ConfigClockSource)
    i.HAL_UARTEx_RxEventCallback             0x080012dc   Section        0  stm32f1xx_hal_uart.o(i.HAL_UARTEx_RxEventCallback)
    i.HAL_UART_ErrorCallback                 0x080012de   Section        0  stm32f1xx_hal_uart.o(i.HAL_UART_ErrorCallback)
    i.HAL_UART_IRQHandler                    0x080012e0   Section        0  stm32f1xx_hal_uart.o(i.HAL_UART_IRQHandler)
    i.HAL_UART_Init                          0x0800154c   Section        0  stm32f1xx_hal_uart.o(i.HAL_UART_Init)
    i.HAL_UART_MspInit                       0x080015b0   Section        0  usart.o(i.HAL_UART_MspInit)
    i.HAL_UART_Receive_IT                    0x08001680   Section        0  stm32f1xx_hal_uart.o(i.HAL_UART_Receive_IT)
    i.HAL_UART_RxCpltCallback                0x0800169c   Section        0  main.o(i.HAL_UART_RxCpltCallback)
    i.HAL_UART_Transmit                      0x080016dc   Section        0  stm32f1xx_hal_uart.o(i.HAL_UART_Transmit)
    i.HAL_UART_TxCpltCallback                0x0800177c   Section        0  stm32f1xx_hal_uart.o(i.HAL_UART_TxCpltCallback)
    i.HardFault_Handler                      0x0800177e   Section        0  stm32f1xx_it.o(i.HardFault_Handler)
    i.KEY2_Pressed                           0x08001780   Section        0  main.o(i.KEY2_Pressed)
    i.MQTT_DeleteBuffer                      0x080017a4   Section        0  mqttkit.o(i.MQTT_DeleteBuffer)
    i.MQTT_DumpLength                        0x080017c0   Section        0  mqttkit.o(i.MQTT_DumpLength)
    i.MQTT_NewBuffer                         0x080017e6   Section        0  mqttkit.o(i.MQTT_NewBuffer)
    i.MQTT_PacketCmdResp                     0x08001838   Section        0  mqttkit.o(i.MQTT_PacketCmdResp)
    i.MQTT_PacketConnect                     0x080018b4   Section        0  mqttkit.o(i.MQTT_PacketConnect)
    i.MQTT_PacketPublish                     0x08001b24   Section        0  mqttkit.o(i.MQTT_PacketPublish)
    i.MQTT_PacketSaveData                    0x08001c2c   Section        0  mqttkit.o(i.MQTT_PacketSaveData)
    i.MQTT_ReadLength                        0x08001c80   Section        0  mqttkit.o(i.MQTT_ReadLength)
    i.MQTT_UnPacketCmd                       0x08001cbe   Section        0  mqttkit.o(i.MQTT_UnPacketCmd)
    i.MQTT_UnPacketConnectAck                0x08001d40   Section        0  mqttkit.o(i.MQTT_UnPacketConnectAck)
    i.MQTT_UnPacketRecv                      0x08001d5c   Section        0  mqttkit.o(i.MQTT_UnPacketRecv)
    i.MX_GPIO_Init                           0x08001dbc   Section        0  gpio.o(i.MX_GPIO_Init)
    i.MX_TIM1_Init                           0x08001eb8   Section        0  tim.o(i.MX_TIM1_Init)
    i.MX_USART1_UART_Init                    0x08001f20   Section        0  usart.o(i.MX_USART1_UART_Init)
    i.MX_USART3_UART_Init                    0x08001f58   Section        0  usart.o(i.MX_USART3_UART_Init)
    i.MemManage_Handler                      0x08001f90   Section        0  stm32f1xx_it.o(i.MemManage_Handler)
    i.MqttOnenet_Savedata                    0x08001f94   Section        0  onenet.o(i.MqttOnenet_Savedata)
    i.NMI_Handler                            0x08001fd8   Section        0  stm32f1xx_it.o(i.NMI_Handler)
    i.OneNet_DevLink                         0x08001fdc   Section        0  onenet.o(i.OneNet_DevLink)
    i.OneNet_RevPro                          0x08002054   Section        0  onenet.o(i.OneNet_RevPro)
    i.OneNet_SendData                        0x08002104   Section        0  onenet.o(i.OneNet_SendData)
    i.PendSV_Handler                         0x08002170   Section        0  stm32f1xx_it.o(i.PendSV_Handler)
    i.SVC_Handler                            0x08002172   Section        0  stm32f1xx_it.o(i.SVC_Handler)
    i.SysTick_Handler                        0x08002174   Section        0  stm32f1xx_it.o(i.SysTick_Handler)
    i.SystemClock_Config                     0x08002178   Section        0  main.o(i.SystemClock_Config)
    i.SystemInit                             0x080021d6   Section        0  system_stm32f1xx.o(i.SystemInit)
    i.TIM1_Delay_Init                        0x080021d8   Section        0  tim.o(i.TIM1_Delay_Init)
    i.TIM_Base_SetConfig                     0x080021e4   Section        0  stm32f1xx_hal_tim.o(i.TIM_Base_SetConfig)
    i.TIM_ETR_SetConfig                      0x08002280   Section        0  stm32f1xx_hal_tim.o(i.TIM_ETR_SetConfig)
    i.TIM_ITRx_SetConfig                     0x08002294   Section        0  stm32f1xx_hal_tim.o(i.TIM_ITRx_SetConfig)
    TIM_ITRx_SetConfig                       0x08002295   Thumb Code    16  stm32f1xx_hal_tim.o(i.TIM_ITRx_SetConfig)
    i.TIM_TI1_ConfigInputStage               0x080022a4   Section        0  stm32f1xx_hal_tim.o(i.TIM_TI1_ConfigInputStage)
    TIM_TI1_ConfigInputStage                 0x080022a5   Thumb Code    34  stm32f1xx_hal_tim.o(i.TIM_TI1_ConfigInputStage)
    i.TIM_TI2_ConfigInputStage               0x080022c6   Section        0  stm32f1xx_hal_tim.o(i.TIM_TI2_ConfigInputStage)
    TIM_TI2_ConfigInputStage                 0x080022c7   Thumb Code    36  stm32f1xx_hal_tim.o(i.TIM_TI2_ConfigInputStage)
    i.UART_DMAAbortOnError                   0x080022ea   Section        0  stm32f1xx_hal_uart.o(i.UART_DMAAbortOnError)
    UART_DMAAbortOnError                     0x080022eb   Thumb Code    16  stm32f1xx_hal_uart.o(i.UART_DMAAbortOnError)
    i.UART_EndRxTransfer                     0x080022fa   Section        0  stm32f1xx_hal_uart.o(i.UART_EndRxTransfer)
    UART_EndRxTransfer                       0x080022fb   Thumb Code    78  stm32f1xx_hal_uart.o(i.UART_EndRxTransfer)
    i.UART_Receive_IT                        0x08002348   Section        0  stm32f1xx_hal_uart.o(i.UART_Receive_IT)
    UART_Receive_IT                          0x08002349   Thumb Code   194  stm32f1xx_hal_uart.o(i.UART_Receive_IT)
    i.UART_SetConfig                         0x0800240c   Section        0  stm32f1xx_hal_uart.o(i.UART_SetConfig)
    UART_SetConfig                           0x0800240d   Thumb Code   178  stm32f1xx_hal_uart.o(i.UART_SetConfig)
    i.UART_Start_Receive_IT                  0x080024c4   Section        0  stm32f1xx_hal_uart.o(i.UART_Start_Receive_IT)
    i.UART_WaitOnFlagUntilTimeout            0x080024fa   Section        0  stm32f1xx_hal_uart.o(i.UART_WaitOnFlagUntilTimeout)
    UART_WaitOnFlagUntilTimeout              0x080024fb   Thumb Code   114  stm32f1xx_hal_uart.o(i.UART_WaitOnFlagUntilTimeout)
    i.USART3_IRQHandler                      0x0800256c   Section        0  stm32f1xx_it.o(i.USART3_IRQHandler)
    i.UsageFault_Handler                     0x08002578   Section        0  stm32f1xx_it.o(i.UsageFault_Handler)
    i.__0printf$8                            0x0800257c   Section        0  printf8.o(i.__0printf$8)
    i.__0sprintf$8                           0x0800259c   Section        0  printf8.o(i.__0sprintf$8)
    i.__NVIC_SetPriority                     0x080025c4   Section        0  stm32f1xx_hal_cortex.o(i.__NVIC_SetPriority)
    __NVIC_SetPriority                       0x080025c5   Thumb Code    32  stm32f1xx_hal_cortex.o(i.__NVIC_SetPriority)
    i.__aeabi_errno_addr                     0x080025e4   Section        0  errno.o(i.__aeabi_errno_addr)
    i.__scatterload_copy                     0x080025ec   Section       14  handlers.o(i.__scatterload_copy)
    i.__scatterload_null                     0x080025fa   Section        2  handlers.o(i.__scatterload_null)
    i.__scatterload_zeroinit                 0x080025fc   Section       14  handlers.o(i.__scatterload_zeroinit)
    i._printf_core                           0x0800260c   Section        0  printf8.o(i._printf_core)
    _printf_core                             0x0800260d   Thumb Code   996  printf8.o(i._printf_core)
    i._printf_post_padding                   0x08002a1c   Section        0  printf8.o(i._printf_post_padding)
    _printf_post_padding                     0x08002a1d   Thumb Code    36  printf8.o(i._printf_post_padding)
    i._printf_pre_padding                    0x08002a40   Section        0  printf8.o(i._printf_pre_padding)
    _printf_pre_padding                      0x08002a41   Thumb Code    46  printf8.o(i._printf_pre_padding)
    i._sputc                                 0x08002a6e   Section        0  printf8.o(i._sputc)
    _sputc                                   0x08002a6f   Thumb Code    10  printf8.o(i._sputc)
    i.dht11_check                            0x08002a78   Section        0  dht11.o(i.dht11_check)
    i.dht11_init                             0x08002ad4   Section        0  dht11.o(i.dht11_init)
    i.dht11_read_bit                         0x08002b18   Section        0  dht11.o(i.dht11_read_bit)
    i.dht11_read_data                        0x08002b74   Section        0  dht11.o(i.dht11_read_data)
    i.dht11_reset                            0x08002bdc   Section        0  dht11.o(i.dht11_reset)
    dht11_reset                              0x08002bdd   Thumb Code    44  dht11.o(i.dht11_reset)
    i.fputc                                  0x08002c0c   Section        0  usart.o(i.fputc)
    i.free                                   0x08002c28   Section        0  malloc.o(i.free)
    i.main                                   0x08002c78   Section        0  main.o(i.main)
    i.malloc                                 0x08002d1c   Section        0  malloc.o(i.malloc)
    i.my_delay_us                            0x08002d88   Section        0  tim.o(i.my_delay_us)
    .constdata                               0x08002da0   Section       18  stm32f1xx_hal_rcc.o(.constdata)
    aPredivFactorTable                       0x08002da0   Data           2  stm32f1xx_hal_rcc.o(.constdata)
    aPLLMULFactorTable                       0x08002da2   Data          16  stm32f1xx_hal_rcc.o(.constdata)
    .constdata                               0x08002db2   Section       16  system_stm32f1xx.o(.constdata)
    .constdata                               0x08002dc2   Section        8  system_stm32f1xx.o(.constdata)
    .constdata                               0x08002dca   Section      129  ctype_o.o(.constdata)
    .constdata                               0x08002e4c   Section        4  ctype_o.o(.constdata)
    table                                    0x08002e4c   Data           4  ctype_o.o(.constdata)
    .conststring                             0x08002e50   Section      215  onenet.o(.conststring)
    .data                                    0x20000000   Section       12  stm32f1xx_hal.o(.data)
    .data                                    0x2000000c   Section        4  system_stm32f1xx.o(.data)
    .data                                    0x20000010   Section        1  dht11.o(.data)
    .data                                    0x20000011   Section        1  dht11.o(.data)
    .data                                    0x20000012   Section        4  esp8266.o(.data)
    .data                                    0x20000018   Section        4  stdout.o(.data)
    .data                                    0x2000001c   Section        4  mvars.o(.data)
    .data                                    0x20000020   Section        4  mvars.o(.data)
    .data                                    0x20000024   Section        4  errno.o(.data)
    _errno                                   0x20000024   Data           4  errno.o(.data)
    .bss                                     0x20000028   Section       72  tim.o(.bss)
    .bss                                     0x20000070   Section      144  usart.o(.bss)
    .bss                                     0x20000100   Section      128  esp8266.o(.bss)
    HEAP                                     0x20000180   Section      512  startup_stm32f103xe.o(HEAP)
    STACK                                    0x20000380   Section     1024  startup_stm32f103xe.o(STACK)

    Global Symbols

    Symbol Name                              Value     Ov Type        Size  Object(Section)

    BuildAttributes$$THM_ISAv4$P$D$K$B$S$PE$A:L22UL41UL21$X:L11$S22US41US21$IEEE1$IW$USESV6$~STKCKD$USESV7$~SHL$OSPACE$ROPI$EBA8$MICROLIB$REQ8$PRES8$EABIv2 0x00000000   Number         0  anon$$obj.o ABSOLUTE
    __ARM_use_no_argv                        0x00000000   Number         0  main.o ABSOLUTE
    _printf_a                                0x00000000   Number         0  stubs.o ABSOLUTE
    _printf_c                                0x00000000   Number         0  stubs.o ABSOLUTE
    _printf_charcount                        0x00000000   Number         0  stubs.o ABSOLUTE
    _printf_d                                0x00000000   Number         0  stubs.o ABSOLUTE
    _printf_e                                0x00000000   Number         0  stubs.o ABSOLUTE
    _printf_f                                0x00000000   Number         0  stubs.o ABSOLUTE
    _printf_flags                            0x00000000   Number         0  stubs.o ABSOLUTE
    _printf_fp_dec                           0x00000000   Number         0  stubs.o ABSOLUTE
    _printf_fp_hex                           0x00000000   Number         0  stubs.o ABSOLUTE
    _printf_g                                0x00000000   Number         0  stubs.o ABSOLUTE
    _printf_i                                0x00000000   Number         0  stubs.o ABSOLUTE
    _printf_int_dec                          0x00000000   Number         0  stubs.o ABSOLUTE
    _printf_l                                0x00000000   Number         0  stubs.o ABSOLUTE
    _printf_lc                               0x00000000   Number         0  stubs.o ABSOLUTE
    _printf_ll                               0x00000000   Number         0  stubs.o ABSOLUTE
    _printf_lld                              0x00000000   Number         0  stubs.o ABSOLUTE
    _printf_lli                              0x00000000   Number         0  stubs.o ABSOLUTE
    _printf_llo                              0x00000000   Number         0  stubs.o ABSOLUTE
    _printf_llu                              0x00000000   Number         0  stubs.o ABSOLUTE
    _printf_llx                              0x00000000   Number         0  stubs.o ABSOLUTE
    _printf_longlong_dec                     0x00000000   Number         0  stubs.o ABSOLUTE
    _printf_longlong_hex                     0x00000000   Number         0  stubs.o ABSOLUTE
    _printf_longlong_oct                     0x00000000   Number         0  stubs.o ABSOLUTE
    _printf_ls                               0x00000000   Number         0  stubs.o ABSOLUTE
    _printf_mbtowc                           0x00000000   Number         0  stubs.o ABSOLUTE
    _printf_n                                0x00000000   Number         0  stubs.o ABSOLUTE
    _printf_o                                0x00000000   Number         0  stubs.o ABSOLUTE
    _printf_p                                0x00000000   Number         0  stubs.o ABSOLUTE
    _printf_percent                          0x00000000   Number         0  stubs.o ABSOLUTE
    _printf_pre_padding                      0x00000000   Number         0  stubs.o ABSOLUTE
    _printf_return_value                     0x00000000   Number         0  stubs.o ABSOLUTE
    _printf_s                                0x00000000   Number         0  stubs.o ABSOLUTE
    _printf_sizespec                         0x00000000   Number         0  stubs.o ABSOLUTE
    _printf_str                              0x00000000   Number         0  stubs.o ABSOLUTE
    _printf_truncate_signed                  0x00000000   Number         0  stubs.o ABSOLUTE
    _printf_truncate_unsigned                0x00000000   Number         0  stubs.o ABSOLUTE
    _printf_u                                0x00000000   Number         0  stubs.o ABSOLUTE
    _printf_wc                               0x00000000   Number         0  stubs.o ABSOLUTE
    _printf_wctomb                           0x00000000   Number         0  stubs.o ABSOLUTE
    _printf_widthprec                        0x00000000   Number         0  stubs.o ABSOLUTE
    _printf_x                                0x00000000   Number         0  stubs.o ABSOLUTE
    __cpp_initialize__aeabi_                  - Undefined Weak Reference
    __cxa_finalize                            - Undefined Weak Reference
    __decompress                              - Undefined Weak Reference
    _clock_init                               - Undefined Weak Reference
    _microlib_exit                            - Undefined Weak Reference
    __Vectors_Size                           0x00000130   Number         0  startup_stm32f103xe.o ABSOLUTE
    __Vectors                                0x08000000   Data           4  startup_stm32f103xe.o(RESET)
    __Vectors_End                            0x08000130   Data           0  startup_stm32f103xe.o(RESET)
    __main                                   0x08000131   Thumb Code     0  entry.o(.ARM.Collect$$$$00000000)
    _main_stk                                0x08000131   Thumb Code     0  entry2.o(.ARM.Collect$$$$00000001)
    _main_scatterload                        0x08000135   Thumb Code     0  entry5.o(.ARM.Collect$$$$00000004)
    __main_after_scatterload                 0x08000139   Thumb Code     0  entry5.o(.ARM.Collect$$$$00000004)
    _main_clock                              0x08000139   Thumb Code     0  entry7b.o(.ARM.Collect$$$$00000008)
    _main_cpp_init                           0x08000139   Thumb Code     0  entry8b.o(.ARM.Collect$$$$0000000A)
    _main_init                               0x08000139   Thumb Code     0  entry9a.o(.ARM.Collect$$$$0000000B)
    __rt_final_cpp                           0x08000141   Thumb Code     0  entry10a.o(.ARM.Collect$$$$0000000D)
    __rt_final_exit                          0x08000141   Thumb Code     0  entry11a.o(.ARM.Collect$$$$0000000F)
    Reset_Handler                            0x08000145   Thumb Code     8  startup_stm32f103xe.o(.text)
    ADC1_2_IRQHandler                        0x0800015f   Thumb Code     0  startup_stm32f103xe.o(.text)
    ADC3_IRQHandler                          0x0800015f   Thumb Code     0  startup_stm32f103xe.o(.text)
    CAN1_RX1_IRQHandler                      0x0800015f   Thumb Code     0  startup_stm32f103xe.o(.text)
    CAN1_SCE_IRQHandler                      0x0800015f   Thumb Code     0  startup_stm32f103xe.o(.text)
    DMA1_Channel1_IRQHandler                 0x0800015f   Thumb Code     0  startup_stm32f103xe.o(.text)
    DMA1_Channel2_IRQHandler                 0x0800015f   Thumb Code     0  startup_stm32f103xe.o(.text)
    DMA1_Channel3_IRQHandler                 0x0800015f   Thumb Code     0  startup_stm32f103xe.o(.text)
    DMA1_Channel4_IRQHandler                 0x0800015f   Thumb Code     0  startup_stm32f103xe.o(.text)
    DMA1_Channel5_IRQHandler                 0x0800015f   Thumb Code     0  startup_stm32f103xe.o(.text)
    DMA1_Channel6_IRQHandler                 0x0800015f   Thumb Code     0  startup_stm32f103xe.o(.text)
    DMA1_Channel7_IRQHandler                 0x0800015f   Thumb Code     0  startup_stm32f103xe.o(.text)
    DMA2_Channel1_IRQHandler                 0x0800015f   Thumb Code     0  startup_stm32f103xe.o(.text)
    DMA2_Channel2_IRQHandler                 0x0800015f   Thumb Code     0  startup_stm32f103xe.o(.text)
    DMA2_Channel3_IRQHandler                 0x0800015f   Thumb Code     0  startup_stm32f103xe.o(.text)
    DMA2_Channel4_5_IRQHandler               0x0800015f   Thumb Code     0  startup_stm32f103xe.o(.text)
    EXTI0_IRQHandler                         0x0800015f   Thumb Code     0  startup_stm32f103xe.o(.text)
    EXTI15_10_IRQHandler                     0x0800015f   Thumb Code     0  startup_stm32f103xe.o(.text)
    EXTI1_IRQHandler                         0x0800015f   Thumb Code     0  startup_stm32f103xe.o(.text)
    EXTI9_5_IRQHandler                       0x0800015f   Thumb Code     0  startup_stm32f103xe.o(.text)
    FLASH_IRQHandler                         0x0800015f   Thumb Code     0  startup_stm32f103xe.o(.text)
    FSMC_IRQHandler                          0x0800015f   Thumb Code     0  startup_stm32f103xe.o(.text)
    I2C1_ER_IRQHandler                       0x0800015f   Thumb Code     0  startup_stm32f103xe.o(.text)
    I2C1_EV_IRQHandler                       0x0800015f   Thumb Code     0  startup_stm32f103xe.o(.text)
    I2C2_ER_IRQHandler                       0x0800015f   Thumb Code     0  startup_stm32f103xe.o(.text)
    I2C2_EV_IRQHandler                       0x0800015f   Thumb Code     0  startup_stm32f103xe.o(.text)
    PVD_IRQHandler                           0x0800015f   Thumb Code     0  startup_stm32f103xe.o(.text)
    RCC_IRQHandler                           0x0800015f   Thumb Code     0  startup_stm32f103xe.o(.text)
    RTC_Alarm_IRQHandler                     0x0800015f   Thumb Code     0  startup_stm32f103xe.o(.text)
    RTC_IRQHandler                           0x0800015f   Thumb Code     0  startup_stm32f103xe.o(.text)
    SDIO_IRQHandler                          0x0800015f   Thumb Code     0  startup_stm32f103xe.o(.text)
    SPI1_IRQHandler                          0x0800015f   Thumb Code     0  startup_stm32f103xe.o(.text)
    SPI2_IRQHandler                          0x0800015f   Thumb Code     0  startup_stm32f103xe.o(.text)
    SPI3_IRQHandler                          0x0800015f   Thumb Code     0  startup_stm32f103xe.o(.text)
    TAMPER_IRQHandler                        0x0800015f   Thumb Code     0  startup_stm32f103xe.o(.text)
    TIM1_BRK_IRQHandler                      0x0800015f   Thumb Code     0  startup_stm32f103xe.o(.text)
    TIM1_CC_IRQHandler                       0x0800015f   Thumb Code     0  startup_stm32f103xe.o(.text)
    TIM1_TRG_COM_IRQHandler                  0x0800015f   Thumb Code     0  startup_stm32f103xe.o(.text)
    TIM1_UP_IRQHandler                       0x0800015f   Thumb Code     0  startup_stm32f103xe.o(.text)
    TIM2_IRQHandler                          0x0800015f   Thumb Code     0  startup_stm32f103xe.o(.text)
    TIM3_IRQHandler                          0x0800015f   Thumb Code     0  startup_stm32f103xe.o(.text)
    TIM4_IRQHandler                          0x0800015f   Thumb Code     0  startup_stm32f103xe.o(.text)
    TIM5_IRQHandler                          0x0800015f   Thumb Code     0  startup_stm32f103xe.o(.text)
    TIM6_IRQHandler                          0x0800015f   Thumb Code     0  startup_stm32f103xe.o(.text)
    TIM7_IRQHandler                          0x0800015f   Thumb Code     0  startup_stm32f103xe.o(.text)
    TIM8_BRK_IRQHandler                      0x0800015f   Thumb Code     0  startup_stm32f103xe.o(.text)
    TIM8_CC_IRQHandler                       0x0800015f   Thumb Code     0  startup_stm32f103xe.o(.text)
    TIM8_TRG_COM_IRQHandler                  0x0800015f   Thumb Code     0  startup_stm32f103xe.o(.text)
    TIM8_UP_IRQHandler                       0x0800015f   Thumb Code     0  startup_stm32f103xe.o(.text)
    UART4_IRQHandler                         0x0800015f   Thumb Code     0  startup_stm32f103xe.o(.text)
    UART5_IRQHandler                         0x0800015f   Thumb Code     0  startup_stm32f103xe.o(.text)
    USART1_IRQHandler                        0x0800015f   Thumb Code     0  startup_stm32f103xe.o(.text)
    USART2_IRQHandler                        0x0800015f   Thumb Code     0  startup_stm32f103xe.o(.text)
    USBWakeUp_IRQHandler                     0x0800015f   Thumb Code     0  startup_stm32f103xe.o(.text)
    USB_HP_CAN1_TX_IRQHandler                0x0800015f   Thumb Code     0  startup_stm32f103xe.o(.text)
    USB_LP_CAN1_RX0_IRQHandler               0x0800015f   Thumb Code     0  startup_stm32f103xe.o(.text)
    WWDG_IRQHandler                          0x0800015f   Thumb Code     0  startup_stm32f103xe.o(.text)
    __aeabi_llsr                             0x08000169   Thumb Code    32  llushr.o(.text)
    _ll_ushift_r                             0x08000169   Thumb Code     0  llushr.o(.text)
    __aeabi_memcpy                           0x08000189   Thumb Code    36  memcpya.o(.text)
    __aeabi_memcpy4                          0x08000189   Thumb Code     0  memcpya.o(.text)
    __aeabi_memcpy8                          0x08000189   Thumb Code     0  memcpya.o(.text)
    __aeabi_memset                           0x080001ad   Thumb Code    14  memseta.o(.text)
    __aeabi_memset4                          0x080001ad   Thumb Code     0  memseta.o(.text)
    __aeabi_memset8                          0x080001ad   Thumb Code     0  memseta.o(.text)
    __aeabi_memclr                           0x080001bb   Thumb Code     4  memseta.o(.text)
    __aeabi_memclr4                          0x080001bb   Thumb Code     0  memseta.o(.text)
    __aeabi_memclr8                          0x080001bb   Thumb Code     0  memseta.o(.text)
    _memset$wrapper                          0x080001bf   Thumb Code    18  memseta.o(.text)
    strstr                                   0x080001d1   Thumb Code    36  strstr.o(.text)
    strchr                                   0x080001f5   Thumb Code    20  strchr.o(.text)
    strlen                                   0x08000209   Thumb Code    14  strlen.o(.text)
    strncat                                  0x08000217   Thumb Code    40  strncat.o(.text)
    atoi                                     0x0800023f   Thumb Code    26  atoi.o(.text)
    __aeabi_uldivmod                         0x08000259   Thumb Code    98  uldiv.o(.text)
    strtol                                   0x080002bb   Thumb Code   112  strtol.o(.text)
    __scatterload                            0x0800032d   Thumb Code    28  init.o(.text)
    __scatterload_rt2                        0x0800032d   Thumb Code     0  init.o(.text)
    __aeabi_llsl                             0x08000351   Thumb Code    30  llshl.o(.text)
    _ll_shift_l                              0x08000351   Thumb Code     0  llshl.o(.text)
    __rt_ctype_table                         0x08000371   Thumb Code     4  ctype_o.o(.text)
    _strtoul                                 0x08000379   Thumb Code   158  _strtoul.o(.text)
    _chval                                   0x08000417   Thumb Code    28  _chval.o(.text)
    BusFault_Handler                         0x08000433   Thumb Code     2  stm32f1xx_it.o(i.BusFault_Handler)
    DebugMon_Handler                         0x08000435   Thumb Code     2  stm32f1xx_it.o(i.DebugMon_Handler)
    ESP8266_Clear                            0x08000439   Thumb Code    18  esp8266.o(i.ESP8266_Clear)
    ESP8266_GetIPD                           0x08000455   Thumb Code    50  esp8266.o(i.ESP8266_GetIPD)
    ESP8266_Init                             0x08000495   Thumb Code   170  esp8266.o(i.ESP8266_Init)
    ESP8266_SendCmd                          0x080005c5   Thumb Code    68  esp8266.o(i.ESP8266_SendCmd)
    ESP8266_SendData                         0x08000611   Thumb Code    50  esp8266.o(i.ESP8266_SendData)
    ESP8266_WaitRecive                       0x0800065d   Thumb Code    28  esp8266.o(i.ESP8266_WaitRecive)
    EXTI2_IRQHandler                         0x0800067d   Thumb Code     6  stm32f1xx_it.o(i.EXTI2_IRQHandler)
    EXTI3_IRQHandler                         0x08000683   Thumb Code     6  stm32f1xx_it.o(i.EXTI3_IRQHandler)
    EXTI4_IRQHandler                         0x08000689   Thumb Code     6  stm32f1xx_it.o(i.EXTI4_IRQHandler)
    Error_Handler                            0x0800068f   Thumb Code     4  main.o(i.Error_Handler)
    HAL_DMA_Abort                            0x08000693   Thumb Code    70  stm32f1xx_hal_dma.o(i.HAL_DMA_Abort)
    HAL_DMA_Abort_IT                         0x080006d9   Thumb Code   296  stm32f1xx_hal_dma.o(i.HAL_DMA_Abort_IT)
    HAL_Delay                                0x08000809   Thumb Code    32  stm32f1xx_hal.o(i.HAL_Delay)
    HAL_GPIO_EXTI_Callback                   0x0800082d   Thumb Code    14  main.o(i.HAL_GPIO_EXTI_Callback)
    HAL_GPIO_EXTI_IRQHandler                 0x0800083d   Thumb Code    18  stm32f1xx_hal_gpio.o(i.HAL_GPIO_EXTI_IRQHandler)
    HAL_GPIO_Init                            0x08000855   Thumb Code   462  stm32f1xx_hal_gpio.o(i.HAL_GPIO_Init)
    HAL_GPIO_ReadPin                         0x08000a4d   Thumb Code    10  stm32f1xx_hal_gpio.o(i.HAL_GPIO_ReadPin)
    HAL_GPIO_WritePin                        0x08000a57   Thumb Code    10  stm32f1xx_hal_gpio.o(i.HAL_GPIO_WritePin)
    HAL_GetTick                              0x08000a61   Thumb Code     6  stm32f1xx_hal.o(i.HAL_GetTick)
    HAL_IncTick                              0x08000a6d   Thumb Code    12  stm32f1xx_hal.o(i.HAL_IncTick)
    HAL_Init                                 0x08000a7d   Thumb Code    32  stm32f1xx_hal.o(i.HAL_Init)
    HAL_InitTick                             0x08000aa1   Thumb Code    54  stm32f1xx_hal.o(i.HAL_InitTick)
    HAL_MspInit                              0x08000ae1   Thumb Code    52  stm32f1xx_hal_msp.o(i.HAL_MspInit)
    HAL_NVIC_EnableIRQ                       0x08000b1d   Thumb Code    26  stm32f1xx_hal_cortex.o(i.HAL_NVIC_EnableIRQ)
    HAL_NVIC_SetPriority                     0x08000b39   Thumb Code    60  stm32f1xx_hal_cortex.o(i.HAL_NVIC_SetPriority)
    HAL_NVIC_SetPriorityGrouping             0x08000b79   Thumb Code    26  stm32f1xx_hal_cortex.o(i.HAL_NVIC_SetPriorityGrouping)
    HAL_RCC_ClockConfig                      0x08000b9d   Thumb Code   280  stm32f1xx_hal_rcc.o(i.HAL_RCC_ClockConfig)
    HAL_RCC_GetPCLK1Freq                     0x08000cc9   Thumb Code    20  stm32f1xx_hal_rcc.o(i.HAL_RCC_GetPCLK1Freq)
    HAL_RCC_GetPCLK2Freq                     0x08000ce9   Thumb Code    20  stm32f1xx_hal_rcc.o(i.HAL_RCC_GetPCLK2Freq)
    HAL_RCC_GetSysClockFreq                  0x08000d09   Thumb Code    58  stm32f1xx_hal_rcc.o(i.HAL_RCC_GetSysClockFreq)
    HAL_RCC_OscConfig                        0x08000d55   Thumb Code   778  stm32f1xx_hal_rcc.o(i.HAL_RCC_OscConfig)
    HAL_SYSTICK_Config                       0x08001075   Thumb Code    40  stm32f1xx_hal_cortex.o(i.HAL_SYSTICK_Config)
    HAL_TIMEx_MasterConfigSynchronization    0x0800109d   Thumb Code   104  stm32f1xx_hal_tim_ex.o(i.HAL_TIMEx_MasterConfigSynchronization)
    HAL_TIM_Base_Init                        0x08001119   Thumb Code    90  stm32f1xx_hal_tim.o(i.HAL_TIM_Base_Init)
    HAL_TIM_Base_MspInit                     0x08001175   Thumb Code    30  tim.o(i.HAL_TIM_Base_MspInit)
    HAL_TIM_Base_Start                       0x0800119d   Thumb Code    78  stm32f1xx_hal_tim.o(i.HAL_TIM_Base_Start)
    HAL_TIM_ConfigClockSource                0x08001201   Thumb Code   220  stm32f1xx_hal_tim.o(i.HAL_TIM_ConfigClockSource)
    HAL_UARTEx_RxEventCallback               0x080012dd   Thumb Code     2  stm32f1xx_hal_uart.o(i.HAL_UARTEx_RxEventCallback)
    HAL_UART_ErrorCallback                   0x080012df   Thumb Code     2  stm32f1xx_hal_uart.o(i.HAL_UART_ErrorCallback)
    HAL_UART_IRQHandler                      0x080012e1   Thumb Code   616  stm32f1xx_hal_uart.o(i.HAL_UART_IRQHandler)
    HAL_UART_Init                            0x0800154d   Thumb Code   100  stm32f1xx_hal_uart.o(i.HAL_UART_Init)
    HAL_UART_MspInit                         0x080015b1   Thumb Code   186  usart.o(i.HAL_UART_MspInit)
    HAL_UART_Receive_IT                      0x08001681   Thumb Code    28  stm32f1xx_hal_uart.o(i.HAL_UART_Receive_IT)
    HAL_UART_RxCpltCallback                  0x0800169d   Thumb Code    46  main.o(i.HAL_UART_RxCpltCallback)
    HAL_UART_Transmit                        0x080016dd   Thumb Code   160  stm32f1xx_hal_uart.o(i.HAL_UART_Transmit)
    HAL_UART_TxCpltCallback                  0x0800177d   Thumb Code     2  stm32f1xx_hal_uart.o(i.HAL_UART_TxCpltCallback)
    HardFault_Handler                        0x0800177f   Thumb Code     2  stm32f1xx_it.o(i.HardFault_Handler)
    KEY2_Pressed                             0x08001781   Thumb Code    26  main.o(i.KEY2_Pressed)
    MQTT_DeleteBuffer                        0x080017a5   Thumb Code    28  mqttkit.o(i.MQTT_DeleteBuffer)
    MQTT_DumpLength                          0x080017c1   Thumb Code    38  mqttkit.o(i.MQTT_DumpLength)
    MQTT_NewBuffer                           0x080017e7   Thumb Code    82  mqttkit.o(i.MQTT_NewBuffer)
    MQTT_PacketCmdResp                       0x08001839   Thumb Code   114  mqttkit.o(i.MQTT_PacketCmdResp)
    MQTT_PacketConnect                       0x080018b5   Thumb Code   618  mqttkit.o(i.MQTT_PacketConnect)
    MQTT_PacketPublish                       0x08001b25   Thumb Code   264  mqttkit.o(i.MQTT_PacketPublish)
    MQTT_PacketSaveData                      0x08001c2d   Thumb Code    38  mqttkit.o(i.MQTT_PacketSaveData)
    MQTT_ReadLength                          0x08001c81   Thumb Code    62  mqttkit.o(i.MQTT_ReadLength)
    MQTT_UnPacketCmd                         0x08001cbf   Thumb Code   130  mqttkit.o(i.MQTT_UnPacketCmd)
    MQTT_UnPacketConnectAck                  0x08001d41   Thumb Code    26  mqttkit.o(i.MQTT_UnPacketConnectAck)
    MQTT_UnPacketRecv                        0x08001d5d   Thumb Code    86  mqttkit.o(i.MQTT_UnPacketRecv)
    MX_GPIO_Init                             0x08001dbd   Thumb Code   232  gpio.o(i.MX_GPIO_Init)
    MX_TIM1_Init                             0x08001eb9   Thumb Code    96  tim.o(i.MX_TIM1_Init)
    MX_USART1_UART_Init                      0x08001f21   Thumb Code    48  usart.o(i.MX_USART1_UART_Init)
    MX_USART3_UART_Init                      0x08001f59   Thumb Code    48  usart.o(i.MX_USART3_UART_Init)
    MemManage_Handler                        0x08001f91   Thumb Code     2  stm32f1xx_it.o(i.MemManage_Handler)
    MqttOnenet_Savedata                      0x08001f95   Thumb Code    56  onenet.o(i.MqttOnenet_Savedata)
    NMI_Handler                              0x08001fd9   Thumb Code     2  stm32f1xx_it.o(i.NMI_Handler)
    OneNet_DevLink                           0x08001fdd   Thumb Code    96  onenet.o(i.OneNet_DevLink)
    OneNet_RevPro                            0x08002055   Thumb Code   174  onenet.o(i.OneNet_RevPro)
    OneNet_SendData                          0x08002105   Thumb Code   100  onenet.o(i.OneNet_SendData)
    PendSV_Handler                           0x08002171   Thumb Code     2  stm32f1xx_it.o(i.PendSV_Handler)
    SVC_Handler                              0x08002173   Thumb Code     2  stm32f1xx_it.o(i.SVC_Handler)
    SysTick_Handler                          0x08002175   Thumb Code     4  stm32f1xx_it.o(i.SysTick_Handler)
    SystemClock_Config                       0x08002179   Thumb Code    94  main.o(i.SystemClock_Config)
    SystemInit                               0x080021d7   Thumb Code     2  system_stm32f1xx.o(i.SystemInit)
    TIM1_Delay_Init                          0x080021d9   Thumb Code     6  tim.o(i.TIM1_Delay_Init)
    TIM_Base_SetConfig                       0x080021e5   Thumb Code   134  stm32f1xx_hal_tim.o(i.TIM_Base_SetConfig)
    TIM_ETR_SetConfig                        0x08002281   Thumb Code    20  stm32f1xx_hal_tim.o(i.TIM_ETR_SetConfig)
    UART_Start_Receive_IT                    0x080024c5   Thumb Code    54  stm32f1xx_hal_uart.o(i.UART_Start_Receive_IT)
    USART3_IRQHandler                        0x0800256d   Thumb Code     6  stm32f1xx_it.o(i.USART3_IRQHandler)
    UsageFault_Handler                       0x08002579   Thumb Code     2  stm32f1xx_it.o(i.UsageFault_Handler)
    __0printf$8                              0x0800257d   Thumb Code    22  printf8.o(i.__0printf$8)
    __1printf$8                              0x0800257d   Thumb Code     0  printf8.o(i.__0printf$8)
    __2printf                                0x0800257d   Thumb Code     0  printf8.o(i.__0printf$8)
    __0sprintf$8                             0x0800259d   Thumb Code    34  printf8.o(i.__0sprintf$8)
    __1sprintf$8                             0x0800259d   Thumb Code     0  printf8.o(i.__0sprintf$8)
    __2sprintf                               0x0800259d   Thumb Code     0  printf8.o(i.__0sprintf$8)
    __aeabi_errno_addr                       0x080025e5   Thumb Code     4  errno.o(i.__aeabi_errno_addr)
    __rt_errno_addr                          0x080025e5   Thumb Code     0  errno.o(i.__aeabi_errno_addr)
    __scatterload_copy                       0x080025ed   Thumb Code    14  handlers.o(i.__scatterload_copy)
    __scatterload_null                       0x080025fb   Thumb Code     2  handlers.o(i.__scatterload_null)
    __scatterload_zeroinit                   0x080025fd   Thumb Code    14  handlers.o(i.__scatterload_zeroinit)
    dht11_check                              0x08002a79   Thumb Code    88  dht11.o(i.dht11_check)
    dht11_init                               0x08002ad5   Thumb Code    60  dht11.o(i.dht11_init)
    dht11_read_bit                           0x08002b19   Thumb Code    86  dht11.o(i.dht11_read_bit)
    dht11_read_data                          0x08002b75   Thumb Code   102  dht11.o(i.dht11_read_data)
    fputc                                    0x08002c0d   Thumb Code    22  usart.o(i.fputc)
    free                                     0x08002c29   Thumb Code    76  malloc.o(i.free)
    main                                     0x08002c79   Thumb Code   136  main.o(i.main)
    malloc                                   0x08002d1d   Thumb Code    92  malloc.o(i.malloc)
    my_delay_us                              0x08002d89   Thumb Code    18  tim.o(i.my_delay_us)
    AHBPrescTable                            0x08002db2   Data          16  system_stm32f1xx.o(.constdata)
    APBPrescTable                            0x08002dc2   Data           8  system_stm32f1xx.o(.constdata)
    __ctype_table                            0x08002dca   Data         129  ctype_o.o(.constdata)
    Region$$Table$$Base                      0x08002f28   Number         0  anon$$obj.o(Region$$Table)
    Region$$Table$$Limit                     0x08002f48   Number         0  anon$$obj.o(Region$$Table)
    uwTickFreq                               0x20000000   Data           1  stm32f1xx_hal.o(.data)
    uwTickPrio                               0x20000004   Data           4  stm32f1xx_hal.o(.data)
    uwTick                                   0x20000008   Data           4  stm32f1xx_hal.o(.data)
    SystemCoreClock                          0x2000000c   Data           4  system_stm32f1xx.o(.data)
    temperature                              0x20000010   Data           1  dht11.o(.data)
    humidity                                 0x20000011   Data           1  dht11.o(.data)
    esp8266_cnt                              0x20000012   Data           2  esp8266.o(.data)
    esp8266_cntPre                           0x20000014   Data           2  esp8266.o(.data)
    __stdout                                 0x20000018   Data           4  stdout.o(.data)
    __microlib_freelist                      0x2000001c   Data           4  mvars.o(.data)
    __microlib_freelist_initialised          0x20000020   Data           4  mvars.o(.data)
    htim1                                    0x20000028   Data          72  tim.o(.bss)
    huart1                                   0x20000070   Data          72  usart.o(.bss)
    huart3                                   0x200000b8   Data          72  usart.o(.bss)
    esp8266_buf                              0x20000100   Data         128  esp8266.o(.bss)
    __heap_base                              0x20000180   Data           0  startup_stm32f103xe.o(HEAP)
    __heap_limit                             0x20000380   Data           0  startup_stm32f103xe.o(HEAP)
    __initial_sp                             0x20000780   Data           0  startup_stm32f103xe.o(STACK)



==============================================================================

Memory Map of the image

  Image Entry point : 0x08000131

  Load Region LR_IROM1 (Base: 0x08000000, Size: 0x00002f70, Max: 0x00080000, ABSOLUTE)

    Execution Region ER_IROM1 (Exec base: 0x08000000, Load base: 0x08000000, Size: 0x00002f48, Max: 0x00080000, ABSOLUTE)

    Exec Addr    Load Addr    Size         Type   Attr      Idx    E Section Name        Object

    0x08000000   0x08000000   0x00000130   Data   RO            3    RESET               startup_stm32f103xe.o
    0x08000130   0x08000130   0x00000000   Code   RO         3112  * .ARM.Collect$$$$00000000  mc_w.l(entry.o)
    0x08000130   0x08000130   0x00000004   Code   RO         3422    .ARM.Collect$$$$00000001  mc_w.l(entry2.o)
    0x08000134   0x08000134   0x00000004   Code   RO         3425    .ARM.Collect$$$$00000004  mc_w.l(entry5.o)
    0x08000138   0x08000138   0x00000000   Code   RO         3427    .ARM.Collect$$$$00000008  mc_w.l(entry7b.o)
    0x08000138   0x08000138   0x00000000   Code   RO         3429    .ARM.Collect$$$$0000000A  mc_w.l(entry8b.o)
    0x08000138   0x08000138   0x00000008   Code   RO         3430    .ARM.Collect$$$$0000000B  mc_w.l(entry9a.o)
    0x08000140   0x08000140   0x00000000   Code   RO         3432    .ARM.Collect$$$$0000000D  mc_w.l(entry10a.o)
    0x08000140   0x08000140   0x00000000   Code   RO         3434    .ARM.Collect$$$$0000000F  mc_w.l(entry11a.o)
    0x08000140   0x08000140   0x00000004   Code   RO         3423    .ARM.Collect$$$$00002712  mc_w.l(entry2.o)
    0x08000144   0x08000144   0x00000024   Code   RO            4    .text               startup_stm32f103xe.o
    0x08000168   0x08000168   0x00000020   Code   RO         3115    .text               mc_w.l(llushr.o)
    0x08000188   0x08000188   0x00000024   Code   RO         3117    .text               mc_w.l(memcpya.o)
    0x080001ac   0x080001ac   0x00000024   Code   RO         3119    .text               mc_w.l(memseta.o)
    0x080001d0   0x080001d0   0x00000024   Code   RO         3121    .text               mc_w.l(strstr.o)
    0x080001f4   0x080001f4   0x00000014   Code   RO         3123    .text               mc_w.l(strchr.o)
    0x08000208   0x08000208   0x0000000e   Code   RO         3125    .text               mc_w.l(strlen.o)
    0x08000216   0x08000216   0x00000028   Code   RO         3127    .text               mc_w.l(strncat.o)
    0x0800023e   0x0800023e   0x0000001a   Code   RO         3420    .text               mc_w.l(atoi.o)
    0x08000258   0x08000258   0x00000062   Code   RO         3439    .text               mc_w.l(uldiv.o)
    0x080002ba   0x080002ba   0x00000070   Code   RO         3450    .text               mc_w.l(strtol.o)
    0x0800032a   0x0800032a   0x00000002   PAD
    0x0800032c   0x0800032c   0x00000024   Code   RO         3463    .text               mc_w.l(init.o)
    0x08000350   0x08000350   0x0000001e   Code   RO         3465    .text               mc_w.l(llshl.o)
    0x0800036e   0x0800036e   0x00000002   PAD
    0x08000370   0x08000370   0x00000008   Code   RO         3469    .text               mc_w.l(ctype_o.o)
    0x08000378   0x08000378   0x0000009e   Code   RO         3497    .text               mc_w.l(_strtoul.o)
    0x08000416   0x08000416   0x0000001c   Code   RO         3501    .text               mc_w.l(_chval.o)
    0x08000432   0x08000432   0x00000002   Code   RO          326    i.BusFault_Handler  stm32f1xx_it.o
    0x08000434   0x08000434   0x00000002   Code   RO          327    i.DebugMon_Handler  stm32f1xx_it.o
    0x08000436   0x08000436   0x00000002   PAD
    0x08000438   0x08000438   0x0000001c   Code   RO         2891    i.ESP8266_Clear     esp8266.o
    0x08000454   0x08000454   0x00000040   Code   RO         2892    i.ESP8266_GetIPD    esp8266.o
    0x08000494   0x08000494   0x00000130   Code   RO         2893    i.ESP8266_Init      esp8266.o
    0x080005c4   0x080005c4   0x0000004c   Code   RO         2894    i.ESP8266_SendCmd   esp8266.o
    0x08000610   0x08000610   0x0000004c   Code   RO         2895    i.ESP8266_SendData  esp8266.o
    0x0800065c   0x0800065c   0x00000020   Code   RO         2896    i.ESP8266_WaitRecive  esp8266.o
    0x0800067c   0x0800067c   0x00000006   Code   RO          328    i.EXTI2_IRQHandler  stm32f1xx_it.o
    0x08000682   0x08000682   0x00000006   Code   RO          329    i.EXTI3_IRQHandler  stm32f1xx_it.o
    0x08000688   0x08000688   0x00000006   Code   RO          330    i.EXTI4_IRQHandler  stm32f1xx_it.o
    0x0800068e   0x0800068e   0x00000004   Code   RO           13    i.Error_Handler     main.o
    0x08000692   0x08000692   0x00000046   Code   RO         1840    i.HAL_DMA_Abort     stm32f1xx_hal_dma.o
    0x080006d8   0x080006d8   0x00000130   Code   RO         1841    i.HAL_DMA_Abort_IT  stm32f1xx_hal_dma.o
    0x08000808   0x08000808   0x00000024   Code   RO         1466    i.HAL_Delay         stm32f1xx_hal.o
    0x0800082c   0x0800082c   0x0000000e   Code   RO           14    i.HAL_GPIO_EXTI_Callback  main.o
    0x0800083a   0x0800083a   0x00000002   PAD
    0x0800083c   0x0800083c   0x00000018   Code   RO         1775    i.HAL_GPIO_EXTI_IRQHandler  stm32f1xx_hal_gpio.o
    0x08000854   0x08000854   0x000001f8   Code   RO         1776    i.HAL_GPIO_Init     stm32f1xx_hal_gpio.o
    0x08000a4c   0x08000a4c   0x0000000a   Code   RO         1778    i.HAL_GPIO_ReadPin  stm32f1xx_hal_gpio.o
    0x08000a56   0x08000a56   0x0000000a   Code   RO         1780    i.HAL_GPIO_WritePin  stm32f1xx_hal_gpio.o
    0x08000a60   0x08000a60   0x0000000c   Code   RO         1470    i.HAL_GetTick       stm32f1xx_hal.o
    0x08000a6c   0x08000a6c   0x00000010   Code   RO         1476    i.HAL_IncTick       stm32f1xx_hal.o
    0x08000a7c   0x08000a7c   0x00000024   Code   RO         1477    i.HAL_Init          stm32f1xx_hal.o
    0x08000aa0   0x08000aa0   0x00000040   Code   RO         1478    i.HAL_InitTick      stm32f1xx_hal.o
    0x08000ae0   0x08000ae0   0x0000003c   Code   RO          426    i.HAL_MspInit       stm32f1xx_hal_msp.o
    0x08000b1c   0x08000b1c   0x0000001a   Code   RO         1936    i.HAL_NVIC_EnableIRQ  stm32f1xx_hal_cortex.o
    0x08000b36   0x08000b36   0x00000002   PAD
    0x08000b38   0x08000b38   0x00000040   Code   RO         1942    i.HAL_NVIC_SetPriority  stm32f1xx_hal_cortex.o
    0x08000b78   0x08000b78   0x00000024   Code   RO         1943    i.HAL_NVIC_SetPriorityGrouping  stm32f1xx_hal_cortex.o
    0x08000b9c   0x08000b9c   0x0000012c   Code   RO         1634    i.HAL_RCC_ClockConfig  stm32f1xx_hal_rcc.o
    0x08000cc8   0x08000cc8   0x00000020   Code   RO         1641    i.HAL_RCC_GetPCLK1Freq  stm32f1xx_hal_rcc.o
    0x08000ce8   0x08000ce8   0x00000020   Code   RO         1642    i.HAL_RCC_GetPCLK2Freq  stm32f1xx_hal_rcc.o
    0x08000d08   0x08000d08   0x0000004c   Code   RO         1643    i.HAL_RCC_GetSysClockFreq  stm32f1xx_hal_rcc.o
    0x08000d54   0x08000d54   0x00000320   Code   RO         1646    i.HAL_RCC_OscConfig  stm32f1xx_hal_rcc.o
    0x08001074   0x08001074   0x00000028   Code   RO         1947    i.HAL_SYSTICK_Config  stm32f1xx_hal_cortex.o
    0x0800109c   0x0800109c   0x0000007c   Code   RO         1211    i.HAL_TIMEx_MasterConfigSynchronization  stm32f1xx_hal_tim_ex.o
    0x08001118   0x08001118   0x0000005a   Code   RO          488    i.HAL_TIM_Base_Init  stm32f1xx_hal_tim.o
    0x08001172   0x08001172   0x00000002   PAD
    0x08001174   0x08001174   0x00000028   Code   RO          219    i.HAL_TIM_Base_MspInit  tim.o
    0x0800119c   0x0800119c   0x00000064   Code   RO          491    i.HAL_TIM_Base_Start  stm32f1xx_hal_tim.o
    0x08001200   0x08001200   0x000000dc   Code   RO          497    i.HAL_TIM_ConfigClockSource  stm32f1xx_hal_tim.o
    0x080012dc   0x080012dc   0x00000002   Code   RO         2448    i.HAL_UARTEx_RxEventCallback  stm32f1xx_hal_uart.o
    0x080012de   0x080012de   0x00000002   Code   RO         2462    i.HAL_UART_ErrorCallback  stm32f1xx_hal_uart.o
    0x080012e0   0x080012e0   0x0000026c   Code   RO         2465    i.HAL_UART_IRQHandler  stm32f1xx_hal_uart.o
    0x0800154c   0x0800154c   0x00000064   Code   RO         2466    i.HAL_UART_Init     stm32f1xx_hal_uart.o
    0x080015b0   0x080015b0   0x000000d0   Code   RO          273    i.HAL_UART_MspInit  usart.o
    0x08001680   0x08001680   0x0000001c   Code   RO         2471    i.HAL_UART_Receive_IT  stm32f1xx_hal_uart.o
    0x0800169c   0x0800169c   0x00000040   Code   RO           15    i.HAL_UART_RxCpltCallback  main.o
    0x080016dc   0x080016dc   0x000000a0   Code   RO         2474    i.HAL_UART_Transmit  stm32f1xx_hal_uart.o
    0x0800177c   0x0800177c   0x00000002   Code   RO         2477    i.HAL_UART_TxCpltCallback  stm32f1xx_hal_uart.o
    0x0800177e   0x0800177e   0x00000002   Code   RO          331    i.HardFault_Handler  stm32f1xx_it.o
    0x08001780   0x08001780   0x00000024   Code   RO           17    i.KEY2_Pressed      main.o
    0x080017a4   0x080017a4   0x0000001c   Code   RO         2955    i.MQTT_DeleteBuffer  mqttkit.o
    0x080017c0   0x080017c0   0x00000026   Code   RO         2956    i.MQTT_DumpLength   mqttkit.o
    0x080017e6   0x080017e6   0x00000052   Code   RO         2957    i.MQTT_NewBuffer    mqttkit.o
    0x08001838   0x08001838   0x0000007c   Code   RO         2958    i.MQTT_PacketCmdResp  mqttkit.o
    0x080018b4   0x080018b4   0x00000270   Code   RO         2959    i.MQTT_PacketConnect  mqttkit.o
    0x08001b24   0x08001b24   0x00000108   Code   RO         2960    i.MQTT_PacketPublish  mqttkit.o
    0x08001c2c   0x08001c2c   0x00000054   Code   RO         2961    i.MQTT_PacketSaveData  mqttkit.o
    0x08001c80   0x08001c80   0x0000003e   Code   RO         2962    i.MQTT_ReadLength   mqttkit.o
    0x08001cbe   0x08001cbe   0x00000082   Code   RO         2963    i.MQTT_UnPacketCmd  mqttkit.o
    0x08001d40   0x08001d40   0x0000001a   Code   RO         2964    i.MQTT_UnPacketConnectAck  mqttkit.o
    0x08001d5a   0x08001d5a   0x00000002   PAD
    0x08001d5c   0x08001d5c   0x00000060   Code   RO         2967    i.MQTT_UnPacketRecv  mqttkit.o
    0x08001dbc   0x08001dbc   0x000000fc   Code   RO          194    i.MX_GPIO_Init      gpio.o
    0x08001eb8   0x08001eb8   0x00000068   Code   RO          220    i.MX_TIM1_Init      tim.o
    0x08001f20   0x08001f20   0x00000038   Code   RO          274    i.MX_USART1_UART_Init  usart.o
    0x08001f58   0x08001f58   0x00000038   Code   RO          275    i.MX_USART3_UART_Init  usart.o
    0x08001f90   0x08001f90   0x00000002   Code   RO          332    i.MemManage_Handler  stm32f1xx_it.o
    0x08001f92   0x08001f92   0x00000002   PAD
    0x08001f94   0x08001f94   0x00000044   Code   RO         3069    i.MqttOnenet_Savedata  onenet.o
    0x08001fd8   0x08001fd8   0x00000002   Code   RO          333    i.NMI_Handler       stm32f1xx_it.o
    0x08001fda   0x08001fda   0x00000002   PAD
    0x08001fdc   0x08001fdc   0x00000078   Code   RO         3070    i.OneNet_DevLink    onenet.o
    0x08002054   0x08002054   0x000000ae   Code   RO         3071    i.OneNet_RevPro     onenet.o
    0x08002102   0x08002102   0x00000002   PAD
    0x08002104   0x08002104   0x0000006c   Code   RO         3072    i.OneNet_SendData   onenet.o
    0x08002170   0x08002170   0x00000002   Code   RO          334    i.PendSV_Handler    stm32f1xx_it.o
    0x08002172   0x08002172   0x00000002   Code   RO          335    i.SVC_Handler       stm32f1xx_it.o
    0x08002174   0x08002174   0x00000004   Code   RO          336    i.SysTick_Handler   stm32f1xx_it.o
    0x08002178   0x08002178   0x0000005e   Code   RO           18    i.SystemClock_Config  main.o
    0x080021d6   0x080021d6   0x00000002   Code   RO         2800    i.SystemInit        system_stm32f1xx.o
    0x080021d8   0x080021d8   0x0000000c   Code   RO          221    i.TIM1_Delay_Init   tim.o
    0x080021e4   0x080021e4   0x0000009c   Code   RO          581    i.TIM_Base_SetConfig  stm32f1xx_hal_tim.o
    0x08002280   0x08002280   0x00000014   Code   RO          592    i.TIM_ETR_SetConfig  stm32f1xx_hal_tim.o
    0x08002294   0x08002294   0x00000010   Code   RO          593    i.TIM_ITRx_SetConfig  stm32f1xx_hal_tim.o
    0x080022a4   0x080022a4   0x00000022   Code   RO          599    i.TIM_TI1_ConfigInputStage  stm32f1xx_hal_tim.o
    0x080022c6   0x080022c6   0x00000024   Code   RO          601    i.TIM_TI2_ConfigInputStage  stm32f1xx_hal_tim.o
    0x080022ea   0x080022ea   0x00000010   Code   RO         2479    i.UART_DMAAbortOnError  stm32f1xx_hal_uart.o
    0x080022fa   0x080022fa   0x0000004e   Code   RO         2489    i.UART_EndRxTransfer  stm32f1xx_hal_uart.o
    0x08002348   0x08002348   0x000000c2   Code   RO         2491    i.UART_Receive_IT   stm32f1xx_hal_uart.o
    0x0800240a   0x0800240a   0x00000002   PAD
    0x0800240c   0x0800240c   0x000000b8   Code   RO         2492    i.UART_SetConfig    stm32f1xx_hal_uart.o
    0x080024c4   0x080024c4   0x00000036   Code   RO         2494    i.UART_Start_Receive_IT  stm32f1xx_hal_uart.o
    0x080024fa   0x080024fa   0x00000072   Code   RO         2495    i.UART_WaitOnFlagUntilTimeout  stm32f1xx_hal_uart.o
    0x0800256c   0x0800256c   0x0000000c   Code   RO          337    i.USART3_IRQHandler  stm32f1xx_it.o
    0x08002578   0x08002578   0x00000002   Code   RO          338    i.UsageFault_Handler  stm32f1xx_it.o
    0x0800257a   0x0800257a   0x00000002   PAD
    0x0800257c   0x0800257c   0x00000020   Code   RO         3338    i.__0printf$8       mc_w.l(printf8.o)
    0x0800259c   0x0800259c   0x00000028   Code   RO         3340    i.__0sprintf$8      mc_w.l(printf8.o)
    0x080025c4   0x080025c4   0x00000020   Code   RO         1949    i.__NVIC_SetPriority  stm32f1xx_hal_cortex.o
    0x080025e4   0x080025e4   0x00000008   Code   RO         3443    i.__aeabi_errno_addr  mc_w.l(errno.o)
    0x080025ec   0x080025ec   0x0000000e   Code   RO         3505    i.__scatterload_copy  mc_w.l(handlers.o)
    0x080025fa   0x080025fa   0x00000002   Code   RO         3506    i.__scatterload_null  mc_w.l(handlers.o)
    0x080025fc   0x080025fc   0x0000000e   Code   RO         3507    i.__scatterload_zeroinit  mc_w.l(handlers.o)
    0x0800260a   0x0800260a   0x00000002   PAD
    0x0800260c   0x0800260c   0x00000410   Code   RO         3345    i._printf_core      mc_w.l(printf8.o)
    0x08002a1c   0x08002a1c   0x00000024   Code   RO         3346    i._printf_post_padding  mc_w.l(printf8.o)
    0x08002a40   0x08002a40   0x0000002e   Code   RO         3347    i._printf_pre_padding  mc_w.l(printf8.o)
    0x08002a6e   0x08002a6e   0x0000000a   Code   RO         3349    i._sputc            mc_w.l(printf8.o)
    0x08002a78   0x08002a78   0x0000005c   Code   RO         2837    i.dht11_check       dht11.o
    0x08002ad4   0x08002ad4   0x00000044   Code   RO         2838    i.dht11_init        dht11.o
    0x08002b18   0x08002b18   0x0000005c   Code   RO         2839    i.dht11_read_bit    dht11.o
    0x08002b74   0x08002b74   0x00000066   Code   RO         2840    i.dht11_read_data   dht11.o
    0x08002bda   0x08002bda   0x00000002   PAD
    0x08002bdc   0x08002bdc   0x00000030   Code   RO         2841    i.dht11_reset       dht11.o
    0x08002c0c   0x08002c0c   0x0000001c   Code   RO          276    i.fputc             usart.o
    0x08002c28   0x08002c28   0x00000050   Code   RO         3392    i.free              mc_w.l(malloc.o)
    0x08002c78   0x08002c78   0x000000a4   Code   RO           19    i.main              main.o
    0x08002d1c   0x08002d1c   0x0000006c   Code   RO         3393    i.malloc            mc_w.l(malloc.o)
    0x08002d88   0x08002d88   0x00000018   Code   RO          222    i.my_delay_us       tim.o
    0x08002da0   0x08002da0   0x00000012   Data   RO         1647    .constdata          stm32f1xx_hal_rcc.o
    0x08002db2   0x08002db2   0x00000010   Data   RO         2801    .constdata          system_stm32f1xx.o
    0x08002dc2   0x08002dc2   0x00000008   Data   RO         2802    .constdata          system_stm32f1xx.o
    0x08002dca   0x08002dca   0x00000081   Data   RO         3470    .constdata          mc_w.l(ctype_o.o)
    0x08002e4b   0x08002e4b   0x00000001   PAD
    0x08002e4c   0x08002e4c   0x00000004   Data   RO         3471    .constdata          mc_w.l(ctype_o.o)
    0x08002e50   0x08002e50   0x000000d7   Data   RO         3073    .conststring        onenet.o
    0x08002f27   0x08002f27   0x00000001   PAD
    0x08002f28   0x08002f28   0x00000020   Data   RO         3503    Region$$Table       anon$$obj.o


    Execution Region RW_IRAM1 (Exec base: 0x20000000, Load base: 0x08002f48, Size: 0x00000780, Max: 0x00010000, ABSOLUTE)

    Exec Addr    Load Addr    Size         Type   Attr      Idx    E Section Name        Object

    0x20000000   0x08002f48   0x0000000c   Data   RW         1484    .data               stm32f1xx_hal.o
    0x2000000c   0x08002f54   0x00000004   Data   RW         2803    .data               system_stm32f1xx.o
    0x20000010   0x08002f58   0x00000001   Data   RW         2842    .data               dht11.o
    0x20000011   0x08002f59   0x00000001   Data   RW         2843    .data               dht11.o
    0x20000012   0x08002f5a   0x00000004   Data   RW         2898    .data               esp8266.o
    0x20000016   0x08002f5e   0x00000002   PAD
    0x20000018   0x08002f60   0x00000004   Data   RW         3436    .data               mc_w.l(stdout.o)
    0x2000001c   0x08002f64   0x00000004   Data   RW         3441    .data               mc_w.l(mvars.o)
    0x20000020   0x08002f68   0x00000004   Data   RW         3442    .data               mc_w.l(mvars.o)
    0x20000024   0x08002f6c   0x00000004   Data   RW         3446    .data               mc_w.l(errno.o)
    0x20000028        -       0x00000048   Zero   RW          223    .bss                tim.o
    0x20000070        -       0x00000090   Zero   RW          277    .bss                usart.o
    0x20000100        -       0x00000080   Zero   RW         2897    .bss                esp8266.o
    0x20000180        -       0x00000200   Zero   RW            2    HEAP                startup_stm32f103xe.o
    0x20000380        -       0x00000400   Zero   RW            1    STACK               startup_stm32f103xe.o


==============================================================================

Image component sizes


      Code (inc. data)   RO Data    RW Data    ZI Data      Debug   Object Name

       402         22          0          2          0       3461   dht11.o
       580        196          0          4        128       4379   esp8266.o
       252         20          0          0          0        915   gpio.o
       376         56          0          0          0     490233   main.o
      1558         72          0          0          0      11273   mqttkit.o
       470         44        215          0          0       4245   onenet.o
        36          8        304          0       1536        772   startup_stm32f103xe.o
       164         28          0         12          0       6261   stm32f1xx_hal.o
       198         14          0          0          0      28755   stm32f1xx_hal_cortex.o
       374          8          0          0          0       1739   stm32f1xx_hal_dma.o
       548         48          0          0          0       3970   stm32f1xx_hal_gpio.o
        60          8          0          0          0        814   stm32f1xx_hal_msp.o
      1240         84         18          0          0       4924   stm32f1xx_hal_rcc.o
       672         44          0          0          0       6480   stm32f1xx_hal_tim.o
       124         20          0          0          0       1296   stm32f1xx_hal_tim_ex.o
      1554         10          0          0          0      10528   stm32f1xx_hal_uart.o
        50          6          0          0          0       5203   stm32f1xx_it.o
         2          0         24          4          0       1023   system_stm32f1xx.o
       180         30          0          0         72       2302   tim.o
       348         44          0          0        144       2703   usart.o

    ----------------------------------------------------------------------
      9210        762        594         24       1880     591276   Object Totals
         0          0         32          0          0          0   (incl. Generated)
        22          0          1          2          0          0   (incl. Padding)

    ----------------------------------------------------------------------

      Code (inc. data)   RO Data    RW Data    ZI Data      Debug   Library Member Name

        28          0          0          0          0         68   _chval.o
       158          0          0          0          0         92   _strtoul.o
        26          0          0          0          0         80   atoi.o
         8          4        133          0          0         68   ctype_o.o
         0          0          0          0          0          0   entry.o
         0          0          0          0          0          0   entry10a.o
         0          0          0          0          0          0   entry11a.o
         8          4          0          0          0          0   entry2.o
         4          0          0          0          0          0   entry5.o
         0          0          0          0          0          0   entry7b.o
         0          0          0          0          0          0   entry8b.o
         8          4          0          0          0          0   entry9a.o
         8          4          0          4          0         68   errno.o
        30          0          0          0          0          0   handlers.o
        36          8          0          0          0         68   init.o
        30          0          0          0          0         68   llshl.o
        32          0          0          0          0         68   llushr.o
       188         20          0          0          0        160   malloc.o
        36          0          0          0          0         68   memcpya.o
        36          0          0          0          0        108   memseta.o
         0          0          0          8          0          0   mvars.o
      1204         60          0          0          0        504   printf8.o
         0          0          0          4          0          0   stdout.o
        20          0          0          0          0         68   strchr.o
        14          0          0          0          0         68   strlen.o
        40          0          0          0          0         76   strncat.o
        36          0          0          0          0         80   strstr.o
       112          0          0          0          0         88   strtol.o
        98          0          0          0          0         92   uldiv.o

    ----------------------------------------------------------------------
      2166        104        134         16          0       1892   Library Totals
         6          0          1          0          0          0   (incl. Padding)

    ----------------------------------------------------------------------

      Code (inc. data)   RO Data    RW Data    ZI Data      Debug   Library Name

      2160        104        133         16          0       1892   mc_w.l

    ----------------------------------------------------------------------
      2166        104        134         16          0       1892   Library Totals

    ----------------------------------------------------------------------

==============================================================================


      Code (inc. data)   RO Data    RW Data    ZI Data      Debug   

     11376        866        728         40       1880     587340   Grand Totals
     11376        866        728         40       1880     587340   ELF Image Totals
     11376        866        728         40          0          0   ROM Totals

==============================================================================

    Total RO  Size (Code + RO Data)                12104 (  11.82kB)
    Total RW  Size (RW Data + ZI Data)              1920 (   1.88kB)
    Total ROM Size (Code + RO Data + RW Data)      12144 (  11.86kB)

==============================================================================

